/workspace/gemm_nsplit_transpose_b200_45481495_20260724_6504acf/source/nsplit_transpose_nostore.cu(595): warning #177-D: variable "c_store_smem" was declared but never referenced
    uint32_t *c_store_smem = smem;
              ^

Remark: The warnings can be suppressed with "-diag-suppress <warning-number>"

/workspace/gemm_nsplit_transpose_b200_45481495_20260724_6504acf/source/nsplit_transpose_nostore.cu(58): warning #177-D: variable "<unnamed>::kMBlocks" was declared but never referenced
  static constexpr int kMBlocks = 2;
                       ^

/workspace/gemm_nsplit_transpose_b200_45481495_20260724_6504acf/source/nsplit_transpose_nostore.cu(91): warning #177-D: variable "<unnamed>::kTmemTileStride" was declared but never referenced
  static constexpr int kTmemTileStride = 128;
                       ^

/workspace/gemm_nsplit_transpose_b200_45481495_20260724_6504acf/source/nsplit_transpose_nostore.cu(150): warning #177-D: function "<unnamed>::make_stage_a_smem_desc" was declared but never referenced
  __attribute__((device)) __inline__ __attribute__((always_inline)) uint64_t make_stage_a_smem_desc(uint32_t *a_smem,
                                                                             ^

/workspace/gemm_nsplit_transpose_b200_45481495_20260724_6504acf/source/nsplit_transpose_nostore.cu(169): warning #177-D: function "<unnamed>::make_bf16_idesc" was declared but never referenced
  __attribute__((host)) __attribute__((device)) __inline__ __attribute__((always_inline)) uint32_t make_bf16_idesc() {
                                                                                                   ^

/workspace/gemm_nsplit_transpose_b200_45481495_20260724_6504acf/source/nsplit_transpose_nostore.cu(444): warning #177-D: function "<unnamed>::store_u32x4_smem" was declared but never referenced
  __attribute__((device)) __inline__ __attribute__((always_inline)) void store_u32x4_smem(uint32_t *smem,
                                                                         ^

/workspace/gemm_nsplit_transpose_b200_45481495_20260724_6504acf/source/nsplit_transpose_nostore.cu(526): warning #177-D: function "<unnamed>::store_256x256_float_tile_tma" was declared but never referenced
  store_256x256_float_tile_tma(uint32_t tmem_base,
  ^

ptxas info    : 0 bytes gmem
ptxas info    : Compiling entry function '_ZN60_GLOBAL__N__3efb8165_27_nsplit_transpose_nostore_cu_a2175ef022init_random_bf16_wordsEPjmjff' for 'sm_100a'
ptxas info    : Function properties for _ZN60_GLOBAL__N__3efb8165_27_nsplit_transpose_nostore_cu_a2175ef022init_random_bf16_wordsEPjmjff
    0 bytes stack frame, 0 bytes spill stores, 0 bytes spill loads
ptxas info    : Used 12 registers, used 0 barriers
ptxas info    : Compile time = 3.652 ms
ptxas info    : Compiling entry function '_ZN60_GLOBAL__N__3efb8165_27_nsplit_transpose_nostore_cu_a2175ef023init_formula_bf16_wordsEPjmmf' for 'sm_100a'
ptxas info    : Function properties for _ZN60_GLOBAL__N__3efb8165_27_nsplit_transpose_nostore_cu_a2175ef023init_formula_bf16_wordsEPjmmf
    0 bytes stack frame, 0 bytes spill stores, 0 bytes spill loads
ptxas info    : Used 22 registers, used 0 barriers
ptxas info    : Compile time = 2.817 ms
ptxas info    : Compiling entry function '_ZN60_GLOBAL__N__3efb8165_27_nsplit_transpose_nostore_cu_a2175ef023gemm256_bf16_16k_kernelE14CUtensorMap_stS0_S0_Pjiii' for 'sm_100a'
ptxas info    : Function properties for _ZN60_GLOBAL__N__3efb8165_27_nsplit_transpose_nostore_cu_a2175ef023gemm256_bf16_16k_kernelE14CUtensorMap_stS0_S0_Pjiii
    0 bytes stack frame, 0 bytes spill stores, 0 bytes spill loads
ptxas info    : Used 50 registers, used 1 barriers, 160 bytes smem
ptxas info    : Compile time = 53.646 ms
