run variant=dual_wide_clean input=random pass=1
device=0 name="NVIDIA B200" cc=10.0 cta=256x256 stage_k=64 stages=3 b_parts=2 mma=m128n256k16 split=m_split k_loop=u1 persistent_ctas=148 scheduler=dynamic_16x16_mfast phase=0/0 c_store=tma_fp32_sw128 l2_promotion=none dynamic_smem=197632
size=16384 mtile=64 ntile=64 ktiles=256 ctas=4096 launch_ctas=148 input_init=random event_ms=4.967789 wall_ms=4.970059 event_TFLOPS=1770.625 wall_TFLOPS=1769.817 checksum=00000000
run variant=shared_mma_done input=random pass=1
device=0 name="NVIDIA B200" cc=10.0 cta=256x256 stage_k=64 stages=3 b_parts=2 mma=m128n256k16 split=m_split k_loop=u1 persistent_ctas=148 scheduler=dynamic_16x16_mfast phase=0/0 c_store=tma_fp32_sw128 l2_promotion=none dynamic_smem=197632
size=16384 mtile=64 ntile=64 ktiles=256 ctas=4096 launch_ctas=148 input_init=random event_ms=4.969293 wall_ms=4.971490 event_TFLOPS=1770.089 wall_TFLOPS=1769.307 checksum=00000000
run variant=shared_mma_done input=random pass=2
device=0 name="NVIDIA B200" cc=10.0 cta=256x256 stage_k=64 stages=3 b_parts=2 mma=m128n256k16 split=m_split k_loop=u1 persistent_ctas=148 scheduler=dynamic_16x16_mfast phase=0/0 c_store=tma_fp32_sw128 l2_promotion=none dynamic_smem=197632
size=16384 mtile=64 ntile=64 ktiles=256 ctas=4096 launch_ctas=148 input_init=random event_ms=4.971930 wall_ms=4.974110 event_TFLOPS=1769.151 wall_TFLOPS=1768.375 checksum=00000000
run variant=dual_wide_clean input=random pass=2
device=0 name="NVIDIA B200" cc=10.0 cta=256x256 stage_k=64 stages=3 b_parts=2 mma=m128n256k16 split=m_split k_loop=u1 persistent_ctas=148 scheduler=dynamic_16x16_mfast phase=0/0 c_store=tma_fp32_sw128 l2_promotion=none dynamic_smem=197632
size=16384 mtile=64 ntile=64 ktiles=256 ctas=4096 launch_ctas=148 input_init=random event_ms=4.964928 wall_ms=4.967073 event_TFLOPS=1771.646 wall_TFLOPS=1770.880 checksum=00000000
run variant=dual_wide_clean input=random pass=3
device=0 name="NVIDIA B200" cc=10.0 cta=256x256 stage_k=64 stages=3 b_parts=2 mma=m128n256k16 split=m_split k_loop=u1 persistent_ctas=148 scheduler=dynamic_16x16_mfast phase=0/0 c_store=tma_fp32_sw128 l2_promotion=none dynamic_smem=197632
size=16384 mtile=64 ntile=64 ktiles=256 ctas=4096 launch_ctas=148 input_init=random event_ms=4.968621 wall_ms=4.970745 event_TFLOPS=1770.329 wall_TFLOPS=1769.572 checksum=00000000
run variant=shared_mma_done input=random pass=3
device=0 name="NVIDIA B200" cc=10.0 cta=256x256 stage_k=64 stages=3 b_parts=2 mma=m128n256k16 split=m_split k_loop=u1 persistent_ctas=148 scheduler=dynamic_16x16_mfast phase=0/0 c_store=tma_fp32_sw128 l2_promotion=none dynamic_smem=197632
size=16384 mtile=64 ntile=64 ktiles=256 ctas=4096 launch_ctas=148 input_init=random event_ms=4.971904 wall_ms=4.974165 event_TFLOPS=1769.160 wall_TFLOPS=1768.356 checksum=00000000
run variant=shared_mma_done input=random-signed8 pass=1
device=0 name="NVIDIA B200" cc=10.0 cta=256x256 stage_k=64 stages=3 b_parts=2 mma=m128n256k16 split=m_split k_loop=u1 persistent_ctas=148 scheduler=dynamic_16x16_mfast phase=0/0 c_store=tma_fp32_sw128 l2_promotion=none dynamic_smem=197632
size=16384 mtile=64 ntile=64 ktiles=256 ctas=4096 launch_ctas=148 input_init=random-signed8 event_ms=5.743853 wall_ms=5.745972 event_TFLOPS=1531.393 wall_TFLOPS=1530.828 checksum=00000000
run variant=dual_wide_clean input=random-signed8 pass=1
device=0 name="NVIDIA B200" cc=10.0 cta=256x256 stage_k=64 stages=3 b_parts=2 mma=m128n256k16 split=m_split k_loop=u1 persistent_ctas=148 scheduler=dynamic_16x16_mfast phase=0/0 c_store=tma_fp32_sw128 l2_promotion=none dynamic_smem=197632
size=16384 mtile=64 ntile=64 ktiles=256 ctas=4096 launch_ctas=148 input_init=random-signed8 event_ms=5.745658 wall_ms=5.747904 event_TFLOPS=1530.911 wall_TFLOPS=1530.313 checksum=00000000
run variant=dual_wide_clean input=random-signed8 pass=2
device=0 name="NVIDIA B200" cc=10.0 cta=256x256 stage_k=64 stages=3 b_parts=2 mma=m128n256k16 split=m_split k_loop=u1 persistent_ctas=148 scheduler=dynamic_16x16_mfast phase=0/0 c_store=tma_fp32_sw128 l2_promotion=none dynamic_smem=197632
size=16384 mtile=64 ntile=64 ktiles=256 ctas=4096 launch_ctas=148 input_init=random-signed8 event_ms=5.742829 wall_ms=5.745115 event_TFLOPS=1531.666 wall_TFLOPS=1531.056 checksum=00000000
run variant=shared_mma_done input=random-signed8 pass=2
device=0 name="NVIDIA B200" cc=10.0 cta=256x256 stage_k=64 stages=3 b_parts=2 mma=m128n256k16 split=m_split k_loop=u1 persistent_ctas=148 scheduler=dynamic_16x16_mfast phase=0/0 c_store=tma_fp32_sw128 l2_promotion=none dynamic_smem=197632
size=16384 mtile=64 ntile=64 ktiles=256 ctas=4096 launch_ctas=148 input_init=random-signed8 event_ms=5.754656 wall_ms=5.756861 event_TFLOPS=1528.518 wall_TFLOPS=1527.932 checksum=00000000
run variant=shared_mma_done input=random-signed8 pass=3
device=0 name="NVIDIA B200" cc=10.0 cta=256x256 stage_k=64 stages=3 b_parts=2 mma=m128n256k16 split=m_split k_loop=u1 persistent_ctas=148 scheduler=dynamic_16x16_mfast phase=0/0 c_store=tma_fp32_sw128 l2_promotion=none dynamic_smem=197632
size=16384 mtile=64 ntile=64 ktiles=256 ctas=4096 launch_ctas=148 input_init=random-signed8 event_ms=5.744352 wall_ms=5.746538 event_TFLOPS=1531.259 wall_TFLOPS=1530.677 checksum=00000000
run variant=dual_wide_clean input=random-signed8 pass=3
device=0 name="NVIDIA B200" cc=10.0 cta=256x256 stage_k=64 stages=3 b_parts=2 mma=m128n256k16 split=m_split k_loop=u1 persistent_ctas=148 scheduler=dynamic_16x16_mfast phase=0/0 c_store=tma_fp32_sw128 l2_promotion=none dynamic_smem=197632
size=16384 mtile=64 ntile=64 ktiles=256 ctas=4096 launch_ctas=148 input_init=random-signed8 event_ms=5.761786 wall_ms=5.763992 event_TFLOPS=1526.626 wall_TFLOPS=1526.042 checksum=00000000
