/workspace/benchmark_6014916_git/5.GEMM/baseline/gemm256_bf16_16k.cu(651): warning #177-D: variable "ntile" was declared but never referenced
      const int ntile = ntile_count;
                ^
          detected during instantiation of "void <unnamed>::set_one_gemm_kernel_attribute<KTiles,MTiles,NTiles>() [with KTiles=256, MTiles=64, NTiles=64]" at line 1001

Remark: The warnings can be suppressed with "-diag-suppress <warning-number>"

ptxas info    : 0 bytes gmem
ptxas info    : Compiling entry function '_ZN52_GLOBAL__N__f1c55a84_19_gemm256_bf16_16k_cu_a2175ef023gemm256_bf16_16k_kernelILi4ELi1ELi1EEEv14CUtensorMap_stS1_S1_Pj' for 'sm_100a'
ptxas info    : Function properties for _ZN52_GLOBAL__N__f1c55a84_19_gemm256_bf16_16k_cu_a2175ef023gemm256_bf16_16k_kernelILi4ELi1ELi1EEEv14CUtensorMap_stS1_S1_Pj
    0 bytes stack frame, 0 bytes spill stores, 0 bytes spill loads
ptxas info    : Used 154 registers, used 1 barriers, 128 bytes smem
ptxas info    : Compile time = 52.944 ms
ptxas info    : Compiling entry function '_ZN52_GLOBAL__N__f1c55a84_19_gemm256_bf16_16k_cu_a2175ef023gemm256_bf16_16k_kernelILi8ELi2ELi2EEEv14CUtensorMap_stS1_S1_Pj' for 'sm_100a'
ptxas info    : Function properties for _ZN52_GLOBAL__N__f1c55a84_19_gemm256_bf16_16k_cu_a2175ef023gemm256_bf16_16k_kernelILi8ELi2ELi2EEEv14CUtensorMap_stS1_S1_Pj
    0 bytes stack frame, 0 bytes spill stores, 0 bytes spill loads
ptxas info    : Used 166 registers, used 1 barriers, 128 bytes smem
ptxas info    : Compile time = 67.348 ms
ptxas info    : Compiling entry function '_ZN52_GLOBAL__N__f1c55a84_19_gemm256_bf16_16k_cu_a2175ef023gemm256_bf16_16k_kernelILi256ELi64ELi64EEEv14CUtensorMap_stS1_S1_Pj' for 'sm_100a'
ptxas info    : Function properties for _ZN52_GLOBAL__N__f1c55a84_19_gemm256_bf16_16k_cu_a2175ef023gemm256_bf16_16k_kernelILi256ELi64ELi64EEEv14CUtensorMap_stS1_S1_Pj
    0 bytes stack frame, 0 bytes spill stores, 0 bytes spill loads
ptxas info    : Used 164 registers, used 1 barriers, 128 bytes smem
ptxas info    : Compile time = 58.880 ms
ptxas info    : Compiling entry function '_ZN52_GLOBAL__N__f1c55a84_19_gemm256_bf16_16k_cu_a2175ef022init_random_bf16_wordsEPjmjff' for 'sm_100a'
ptxas info    : Function properties for _ZN52_GLOBAL__N__f1c55a84_19_gemm256_bf16_16k_cu_a2175ef022init_random_bf16_wordsEPjmjff
    0 bytes stack frame, 0 bytes spill stores, 0 bytes spill loads
ptxas info    : Used 12 registers, used 0 barriers
ptxas info    : Compile time = 2.054 ms
ptxas info    : Compiling entry function '_ZN52_GLOBAL__N__f1c55a84_19_gemm256_bf16_16k_cu_a2175ef023init_formula_bf16_wordsEPjmmf' for 'sm_100a'
ptxas info    : Function properties for _ZN52_GLOBAL__N__f1c55a84_19_gemm256_bf16_16k_cu_a2175ef023init_formula_bf16_wordsEPjmmf
    0 bytes stack frame, 0 bytes spill stores, 0 bytes spill loads
ptxas info    : Used 22 registers, used 0 barriers
ptxas info    : Compile time = 2.681 ms
/workspace/gemm_nsplit_tma_only_20260728_f04052e/source/tma_only.cu(58): warning #177-D: variable "<unnamed>::kMBlocks" was declared but never referenced
  static constexpr int kMBlocks = 2;
                       ^

Remark: The warnings can be suppressed with "-diag-suppress <warning-number>"

/workspace/gemm_nsplit_tma_only_20260728_f04052e/source/tma_only.cu(143): warning #177-D: function "<unnamed>::make_stage_a_smem_desc" was declared but never referenced
  __attribute__((device)) __inline__ __attribute__((always_inline)) uint64_t make_stage_a_smem_desc(uint32_t *a_smem,
                                                                             ^

/workspace/gemm_nsplit_tma_only_20260728_f04052e/source/tma_only.cu(151): warning #177-D: function "<unnamed>::make_sw128_major_mn_smem_desc" was declared but never referenced
  make_sw128_major_mn_smem_desc(uint32_t matrix_start_addr, int mma) {
  ^

/workspace/gemm_nsplit_tma_only_20260728_f04052e/source/tma_only.cu(162): warning #177-D: function "<unnamed>::make_bf16_idesc" was declared but never referenced
  __attribute__((host)) __attribute__((device)) __inline__ __attribute__((always_inline)) uint32_t make_bf16_idesc() {
                                                                                                   ^

/workspace/gemm_nsplit_tma_only_20260728_f04052e/source/tma_only.cu(298): warning #177-D: function "<unnamed>::tcgen05_alloc_512cols" was declared but never referenced
  tcgen05_alloc_512cols(uint32_t *smem_out_taddr) {
  ^

/workspace/gemm_nsplit_tma_only_20260728_f04052e/source/tma_only.cu(318): warning #177-D: function "<unnamed>::tcgen05_dealloc_512cols" was declared but never referenced
  __attribute__((device)) __inline__ __attribute__((always_inline)) void tcgen05_dealloc_512cols(uint32_t taddr) {
                                                                         ^

/workspace/gemm_nsplit_tma_only_20260728_f04052e/source/tma_only.cu(328): warning #177-D: function "<unnamed>::tcgen05_relinquish_alloc_permit" was declared but never referenced
  __attribute__((device)) __inline__ __attribute__((always_inline)) void tcgen05_relinquish_alloc_permit() {
                                                                         ^

/workspace/gemm_nsplit_tma_only_20260728_f04052e/source/tma_only.cu(335): warning #177-D: function "<unnamed>::tcgen05_commit" was declared but never referenced
  __attribute__((device)) __inline__ __attribute__((always_inline)) void tcgen05_commit(uint64_t *barrier) {
                                                                         ^

/workspace/gemm_nsplit_tma_only_20260728_f04052e/source/tma_only.cu(346): warning #177-D: function "<unnamed>::tcgen05_fence_after_thread_sync" was declared but never referenced
  __attribute__((device)) __inline__ __attribute__((always_inline)) void tcgen05_fence_after_thread_sync() {
                                                                         ^

/workspace/gemm_nsplit_tma_only_20260728_f04052e/source/tma_only.cu(394): warning #177-D: function "<unnamed>::tcgen05_mma_bf16_ss" was declared but never referenced
  tcgen05_mma_bf16_ss(uint32_t d_taddr, uint64_t a_desc, uint64_t b_desc,
  ^

/workspace/gemm_nsplit_tma_only_20260728_f04052e/source/tma_only.cu(505): warning #177-D: function "<unnamed>::store_256x256_float_tile_tma" was declared but never referenced
  store_256x256_float_tile_tma(uint32_t tmem_base,
  ^

ptxas info    : 0 bytes gmem
ptxas info    : Compiling entry function '_ZN44_GLOBAL__N__5b438d9a_11_tma_only_cu_a2175ef020tma_load_only_kernelILi4ELi1ELi1EEEv14CUtensorMap_stS1_S1_Pj' for 'sm_100a'
ptxas info    : Function properties for _ZN44_GLOBAL__N__5b438d9a_11_tma_only_cu_a2175ef020tma_load_only_kernelILi4ELi1ELi1EEEv14CUtensorMap_stS1_S1_Pj
    0 bytes stack frame, 0 bytes spill stores, 0 bytes spill loads
ptxas info    : Used 18 registers, used 1 barriers, 80 bytes smem
ptxas info    : Compile time = 11.279 ms
ptxas info    : Compiling entry function '_ZN44_GLOBAL__N__5b438d9a_11_tma_only_cu_a2175ef020tma_load_only_kernelILi8ELi2ELi2EEEv14CUtensorMap_stS1_S1_Pj' for 'sm_100a'
ptxas info    : Function properties for _ZN44_GLOBAL__N__5b438d9a_11_tma_only_cu_a2175ef020tma_load_only_kernelILi8ELi2ELi2EEEv14CUtensorMap_stS1_S1_Pj
    0 bytes stack frame, 0 bytes spill stores, 0 bytes spill loads
ptxas info    : Used 36 registers, used 1 barriers, 80 bytes smem
ptxas info    : Compile time = 26.995 ms
ptxas info    : Compiling entry function '_ZN44_GLOBAL__N__5b438d9a_11_tma_only_cu_a2175ef020tma_load_only_kernelILi256ELi64ELi64EEEv14CUtensorMap_stS1_S1_Pj' for 'sm_100a'
ptxas info    : Function properties for _ZN44_GLOBAL__N__5b438d9a_11_tma_only_cu_a2175ef020tma_load_only_kernelILi256ELi64ELi64EEEv14CUtensorMap_stS1_S1_Pj
    0 bytes stack frame, 0 bytes spill stores, 0 bytes spill loads
ptxas info    : Used 26 registers, used 1 barriers, 80 bytes smem
ptxas info    : Compile time = 22.653 ms
ptxas info    : Compiling entry function '_ZN44_GLOBAL__N__5b438d9a_11_tma_only_cu_a2175ef022init_random_bf16_wordsEPjmjff' for 'sm_100a'
ptxas info    : Function properties for _ZN44_GLOBAL__N__5b438d9a_11_tma_only_cu_a2175ef022init_random_bf16_wordsEPjmjff
    0 bytes stack frame, 0 bytes spill stores, 0 bytes spill loads
ptxas info    : Used 12 registers, used 0 barriers
ptxas info    : Compile time = 2.219 ms
ptxas info    : Compiling entry function '_ZN44_GLOBAL__N__5b438d9a_11_tma_only_cu_a2175ef023init_formula_bf16_wordsEPjmmf' for 'sm_100a'
ptxas info    : Function properties for _ZN44_GLOBAL__N__5b438d9a_11_tma_only_cu_a2175ef023init_formula_bf16_wordsEPjmmf
    0 bytes stack frame, 0 bytes spill stores, 0 bytes spill loads
ptxas info    : Used 22 registers, used 0 barriers
ptxas info    : Compile time = 2.568 ms
nvcc: NVIDIA (R) Cuda compiler driver
Copyright (c) 2005-2025 NVIDIA Corporation
Built on Tue_May_27_02:21:03_PDT_2025
Cuda compilation tools, release 12.9, V12.9.86
Build cuda_12.9.r12.9/compiler.36037853_0
eb90e11322c3af9adba08ed6262fe585bd0b37c9ba2fb1750c802e393c6b6dc2  /workspace/benchmark_6014916_git/5.GEMM/baseline/gemm256_bf16_16k.cu
cd1e4beb8aeb13bb34b9f4fff8f8c75dcc2421f3d80cde8cff24d47cec7035f8  /workspace/gemm_nsplit_tma_only_20260728_f04052e/source/tma_only.cu
7d827f5703cc4c7b5c2ea3779befff63422fb76945efc6119a3e75c73524843f  /workspace/gemm_nsplit_tma_only_20260728_f04052e/bin/gemm
16eecf1a21e37518b11e39afb474aa6b77d10b9804c3c2c112999a996dfdfc55  /workspace/gemm_nsplit_tma_only_20260728_f04052e/bin/tma_only
f04052efbae2c6c6f80f3d4dedac74d410fa21d0
validation size=512 pattern=pattern status=ok max_abs=0 max_rel=0 bad=0
validation size=512 pattern=ones status=ok max_abs=0 max_rel=0 bad=0
device=0 name="NVIDIA B200" cc=10.0 cta=256x256 stage_k=64 stages=3 pipes=2 persistent_ctas=148 scheduler=static_8x16_mfast mode=tma_load_only phase=0/0 c_store=tma_fp32_sw128 l2_promotion=none dynamic_smem=197632
size=16384 mtile=64 ntile=64 ktiles=256 ctas=4096 launch_ctas=148 input_init=random event_ms=2.619136 wall_ms=2.632236 event_TFLOPS=3358.395 wall_TFLOPS=3341.681 checksum=00000000
PROTOCOL size=16384 methods=gemm,tma_only warmup=1 timed=5 processes=4
BEGIN input=random method=gemm pass=1
device=0 name="NVIDIA B200" cc=10.0 cta=256x256 stage_k=64 stages=3 pipes=2 persistent_ctas=148 scheduler=static_8x16_mfast overhead=fixed_sink phase=0/0 c_store=tma_fp32_sw128 l2_promotion=none dynamic_smem=197632
size=16384 mtile=64 ntile=64 ktiles=256 ctas=4096 launch_ctas=148 input_init=random event_ms=4.807801 wall_ms=4.810174 event_TFLOPS=1829.546 wall_TFLOPS=1828.644 checksum=00000000
END input=random method=gemm pass=1
BEGIN input=random method=tma_only pass=1
device=0 name="NVIDIA B200" cc=10.0 cta=256x256 stage_k=64 stages=3 pipes=2 persistent_ctas=148 scheduler=static_8x16_mfast mode=tma_load_only phase=0/0 c_store=tma_fp32_sw128 l2_promotion=none dynamic_smem=197632
size=16384 mtile=64 ntile=64 ktiles=256 ctas=4096 launch_ctas=148 input_init=random event_ms=2.602790 wall_ms=2.605095 event_TFLOPS=3379.486 wall_TFLOPS=3376.496 checksum=00000000
END input=random method=tma_only pass=1
BEGIN input=random-signed8 method=gemm pass=1
device=0 name="NVIDIA B200" cc=10.0 cta=256x256 stage_k=64 stages=3 pipes=2 persistent_ctas=148 scheduler=static_8x16_mfast overhead=fixed_sink phase=0/0 c_store=tma_fp32_sw128 l2_promotion=none dynamic_smem=197632
size=16384 mtile=64 ntile=64 ktiles=256 ctas=4096 launch_ctas=148 input_init=random-signed8 event_ms=5.425382 wall_ms=5.427549 event_TFLOPS=1621.285 wall_TFLOPS=1620.638 checksum=00000000
END input=random-signed8 method=gemm pass=1
BEGIN input=random-signed8 method=tma_only pass=1
device=0 name="NVIDIA B200" cc=10.0 cta=256x256 stage_k=64 stages=3 pipes=2 persistent_ctas=148 scheduler=static_8x16_mfast mode=tma_load_only phase=0/0 c_store=tma_fp32_sw128 l2_promotion=none dynamic_smem=197632
size=16384 mtile=64 ntile=64 ktiles=256 ctas=4096 launch_ctas=148 input_init=random-signed8 event_ms=2.607033 wall_ms=2.609405 event_TFLOPS=3373.985 wall_TFLOPS=3370.919 checksum=00000000
END input=random-signed8 method=tma_only pass=1
BEGIN input=random-signed8 method=tma_only pass=2
device=0 name="NVIDIA B200" cc=10.0 cta=256x256 stage_k=64 stages=3 pipes=2 persistent_ctas=148 scheduler=static_8x16_mfast mode=tma_load_only phase=0/0 c_store=tma_fp32_sw128 l2_promotion=none dynamic_smem=197632
size=16384 mtile=64 ntile=64 ktiles=256 ctas=4096 launch_ctas=148 input_init=random-signed8 event_ms=2.609856 wall_ms=2.612130 event_TFLOPS=3370.336 wall_TFLOPS=3367.402 checksum=00000000
END input=random-signed8 method=tma_only pass=2
BEGIN input=random-signed8 method=gemm pass=2
device=0 name="NVIDIA B200" cc=10.0 cta=256x256 stage_k=64 stages=3 pipes=2 persistent_ctas=148 scheduler=static_8x16_mfast overhead=fixed_sink phase=0/0 c_store=tma_fp32_sw128 l2_promotion=none dynamic_smem=197632
size=16384 mtile=64 ntile=64 ktiles=256 ctas=4096 launch_ctas=148 input_init=random-signed8 event_ms=5.422323 wall_ms=5.424698 event_TFLOPS=1622.200 wall_TFLOPS=1621.490 checksum=00000000
END input=random-signed8 method=gemm pass=2
BEGIN input=random method=tma_only pass=2
device=0 name="NVIDIA B200" cc=10.0 cta=256x256 stage_k=64 stages=3 pipes=2 persistent_ctas=148 scheduler=static_8x16_mfast mode=tma_load_only phase=0/0 c_store=tma_fp32_sw128 l2_promotion=none dynamic_smem=197632
size=16384 mtile=64 ntile=64 ktiles=256 ctas=4096 launch_ctas=148 input_init=random event_ms=2.594835 wall_ms=2.597221 event_TFLOPS=3389.846 wall_TFLOPS=3386.733 checksum=00000000
END input=random method=tma_only pass=2
BEGIN input=random method=gemm pass=2
device=0 name="NVIDIA B200" cc=10.0 cta=256x256 stage_k=64 stages=3 pipes=2 persistent_ctas=148 scheduler=static_8x16_mfast overhead=fixed_sink phase=0/0 c_store=tma_fp32_sw128 l2_promotion=none dynamic_smem=197632
size=16384 mtile=64 ntile=64 ktiles=256 ctas=4096 launch_ctas=148 input_init=random event_ms=4.792455 wall_ms=4.794811 event_TFLOPS=1835.405 wall_TFLOPS=1834.503 checksum=00000000
END input=random method=gemm pass=2
BEGIN input=random-signed8 method=tma_only pass=3
device=0 name="NVIDIA B200" cc=10.0 cta=256x256 stage_k=64 stages=3 pipes=2 persistent_ctas=148 scheduler=static_8x16_mfast mode=tma_load_only phase=0/0 c_store=tma_fp32_sw128 l2_promotion=none dynamic_smem=197632
size=16384 mtile=64 ntile=64 ktiles=256 ctas=4096 launch_ctas=148 input_init=random-signed8 event_ms=2.600320 wall_ms=2.602624 event_TFLOPS=3382.696 wall_TFLOPS=3379.702 checksum=00000000
END input=random-signed8 method=tma_only pass=3
BEGIN input=random-signed8 method=gemm pass=3
device=0 name="NVIDIA B200" cc=10.0 cta=256x256 stage_k=64 stages=3 pipes=2 persistent_ctas=148 scheduler=static_8x16_mfast overhead=fixed_sink phase=0/0 c_store=tma_fp32_sw128 l2_promotion=none dynamic_smem=197632
size=16384 mtile=64 ntile=64 ktiles=256 ctas=4096 launch_ctas=148 input_init=random-signed8 event_ms=5.441779 wall_ms=5.444144 event_TFLOPS=1616.400 wall_TFLOPS=1615.698 checksum=00000000
END input=random-signed8 method=gemm pass=3
BEGIN input=random method=tma_only pass=3
device=0 name="NVIDIA B200" cc=10.0 cta=256x256 stage_k=64 stages=3 pipes=2 persistent_ctas=148 scheduler=static_8x16_mfast mode=tma_load_only phase=0/0 c_store=tma_fp32_sw128 l2_promotion=none dynamic_smem=197632
size=16384 mtile=64 ntile=64 ktiles=256 ctas=4096 launch_ctas=148 input_init=random event_ms=2.609325 wall_ms=2.611579 event_TFLOPS=3371.023 wall_TFLOPS=3368.113 checksum=00000000
END input=random method=tma_only pass=3
BEGIN input=random method=gemm pass=3
device=0 name="NVIDIA B200" cc=10.0 cta=256x256 stage_k=64 stages=3 pipes=2 persistent_ctas=148 scheduler=static_8x16_mfast overhead=fixed_sink phase=0/0 c_store=tma_fp32_sw128 l2_promotion=none dynamic_smem=197632
size=16384 mtile=64 ntile=64 ktiles=256 ctas=4096 launch_ctas=148 input_init=random event_ms=4.794887 wall_ms=4.797265 event_TFLOPS=1834.474 wall_TFLOPS=1833.564 checksum=00000000
END input=random method=gemm pass=3
BEGIN input=random method=gemm pass=4
device=0 name="NVIDIA B200" cc=10.0 cta=256x256 stage_k=64 stages=3 pipes=2 persistent_ctas=148 scheduler=static_8x16_mfast overhead=fixed_sink phase=0/0 c_store=tma_fp32_sw128 l2_promotion=none dynamic_smem=197632
size=16384 mtile=64 ntile=64 ktiles=256 ctas=4096 launch_ctas=148 input_init=random event_ms=4.803975 wall_ms=4.806288 event_TFLOPS=1831.003 wall_TFLOPS=1830.122 checksum=00000000
END input=random method=gemm pass=4
BEGIN input=random method=tma_only pass=4
device=0 name="NVIDIA B200" cc=10.0 cta=256x256 stage_k=64 stages=3 pipes=2 persistent_ctas=148 scheduler=static_8x16_mfast mode=tma_load_only phase=0/0 c_store=tma_fp32_sw128 l2_promotion=none dynamic_smem=197632
size=16384 mtile=64 ntile=64 ktiles=256 ctas=4096 launch_ctas=148 input_init=random event_ms=2.599059 wall_ms=2.601424 event_TFLOPS=3384.337 wall_TFLOPS=3381.261 checksum=00000000
END input=random method=tma_only pass=4
BEGIN input=random-signed8 method=gemm pass=4
device=0 name="NVIDIA B200" cc=10.0 cta=256x256 stage_k=64 stages=3 pipes=2 persistent_ctas=148 scheduler=static_8x16_mfast overhead=fixed_sink phase=0/0 c_store=tma_fp32_sw128 l2_promotion=none dynamic_smem=197632
size=16384 mtile=64 ntile=64 ktiles=256 ctas=4096 launch_ctas=148 input_init=random-signed8 event_ms=5.439584 wall_ms=5.441950 event_TFLOPS=1617.053 wall_TFLOPS=1616.350 checksum=00000000
END input=random-signed8 method=gemm pass=4
BEGIN input=random-signed8 method=tma_only pass=4
device=0 name="NVIDIA B200" cc=10.0 cta=256x256 stage_k=64 stages=3 pipes=2 persistent_ctas=148 scheduler=static_8x16_mfast mode=tma_load_only phase=0/0 c_store=tma_fp32_sw128 l2_promotion=none dynamic_smem=197632
size=16384 mtile=64 ntile=64 ktiles=256 ctas=4096 launch_ctas=148 input_init=random-signed8 event_ms=2.602349 wall_ms=2.604707 event_TFLOPS=3380.059 wall_TFLOPS=3376.999 checksum=00000000
END input=random-signed8 method=tma_only pass=4
# 16K dense TMA-load-only comparison

Logical A/B request bytes per launch: 68719476736 B (64 GiB).
Mean +/- sample SD across four independent W1/I5 processes.

| input | GEMM TFLOP/s | GEMM ms | TMA-only ms | TMA-only logical TB/s | TMA-only/GEMM time |
|---|---:|---:|---:|---:|---:|
| `[0,1)` | 1832.607 +/- 2.784 | 4.799780 +/- 0.007292 | 2.601502 +/- 0.006145 | 26.415 | 54.20% |
| `[-8,8)` | 1619.235 +/- 2.932 | 5.432267 +/- 0.009837 | 2.604890 +/- 0.004343 | 26.381 | 47.95% |

