gpu label=before_baseline_random_p1 32, 141.58, 1000.00, 120, 3996
run variant=baseline input=random pass=1
device=0 name="NVIDIA B200" cc=10.0 cta=256x256 stage_k=64 stages=3 pipes=2 persistent_ctas=148 scheduler=dynamic_16x16_mfast phase=0/0 c_store=tma_fp32_sw128 l2_promotion=none dynamic_smem=197632
size=16384 mtile=64 ntile=64 ktiles=256 ctas=4096 launch_ctas=148 input_init=random event_ms=5.053683 wall_ms=5.056032 event_TFLOPS=1740.531 wall_TFLOPS=1739.723 checksum=00000000
gpu label=before_e1_random_p1 34, 207.78, 1000.00, 1965, 3996
run variant=e1 input=random pass=1
device=0 name="NVIDIA B200" cc=10.0 cta=256x256 stage_k=64 stages=3 pipes=2 persistent_ctas=148 scheduler=dynamic_16x16_mfast phase=0/0 c_store=tma_fp32_sw128 l2_promotion=none dynamic_smem=197632
size=16384 mtile=64 ntile=64 ktiles=256 ctas=4096 launch_ctas=148 input_init=random event_ms=5.088333 wall_ms=5.090574 event_TFLOPS=1728.679 wall_TFLOPS=1727.918 checksum=00000000
gpu label=before_e1_random_p2 34, 225.79, 1000.00, 1965, 3996
run variant=e1 input=random pass=2
device=0 name="NVIDIA B200" cc=10.0 cta=256x256 stage_k=64 stages=3 pipes=2 persistent_ctas=148 scheduler=dynamic_16x16_mfast phase=0/0 c_store=tma_fp32_sw128 l2_promotion=none dynamic_smem=197632
size=16384 mtile=64 ntile=64 ktiles=256 ctas=4096 launch_ctas=148 input_init=random event_ms=5.087648 wall_ms=5.089877 event_TFLOPS=1728.911 wall_TFLOPS=1728.154 checksum=00000000
gpu label=before_baseline_random_p2 34, 229.43, 1000.00, 1965, 3996
run variant=baseline input=random pass=2
device=0 name="NVIDIA B200" cc=10.0 cta=256x256 stage_k=64 stages=3 pipes=2 persistent_ctas=148 scheduler=dynamic_16x16_mfast phase=0/0 c_store=tma_fp32_sw128 l2_promotion=none dynamic_smem=197632
size=16384 mtile=64 ntile=64 ktiles=256 ctas=4096 launch_ctas=148 input_init=random event_ms=5.062739 wall_ms=5.066786 event_TFLOPS=1737.418 wall_TFLOPS=1736.030 checksum=00000000
gpu label=before_baseline_random_p3 34, 228.03, 1000.00, 1965, 3996
run variant=baseline input=random pass=3
device=0 name="NVIDIA B200" cc=10.0 cta=256x256 stage_k=64 stages=3 pipes=2 persistent_ctas=148 scheduler=dynamic_16x16_mfast phase=0/0 c_store=tma_fp32_sw128 l2_promotion=none dynamic_smem=197632
size=16384 mtile=64 ntile=64 ktiles=256 ctas=4096 launch_ctas=148 input_init=random event_ms=5.063808 wall_ms=5.066063 event_TFLOPS=1737.051 wall_TFLOPS=1736.278 checksum=00000000
gpu label=before_e1_random_p3 34, 228.22, 1000.00, 1965, 3996
run variant=e1 input=random pass=3
device=0 name="NVIDIA B200" cc=10.0 cta=256x256 stage_k=64 stages=3 pipes=2 persistent_ctas=148 scheduler=dynamic_16x16_mfast phase=0/0 c_store=tma_fp32_sw128 l2_promotion=none dynamic_smem=197632
size=16384 mtile=64 ntile=64 ktiles=256 ctas=4096 launch_ctas=148 input_init=random event_ms=5.085818 wall_ms=5.088118 event_TFLOPS=1729.534 wall_TFLOPS=1728.752 checksum=00000000
gpu label=before_e1_random-signed8_p1 34, 223.56, 1000.00, 1965, 3996
run variant=e1 input=random-signed8 pass=1
device=0 name="NVIDIA B200" cc=10.0 cta=256x256 stage_k=64 stages=3 pipes=2 persistent_ctas=148 scheduler=dynamic_16x16_mfast phase=0/0 c_store=tma_fp32_sw128 l2_promotion=none dynamic_smem=197632
size=16384 mtile=64 ntile=64 ktiles=256 ctas=4096 launch_ctas=148 input_init=random-signed8 event_ms=5.862752 wall_ms=5.865334 event_TFLOPS=1500.335 wall_TFLOPS=1499.675 checksum=00000000
gpu label=before_baseline_random-signed8_p1 34, 228.83, 1000.00, 1965, 3996
run variant=baseline input=random-signed8 pass=1
device=0 name="NVIDIA B200" cc=10.0 cta=256x256 stage_k=64 stages=3 pipes=2 persistent_ctas=148 scheduler=dynamic_16x16_mfast phase=0/0 c_store=tma_fp32_sw128 l2_promotion=none dynamic_smem=197632
size=16384 mtile=64 ntile=64 ktiles=256 ctas=4096 launch_ctas=148 input_init=random-signed8 event_ms=5.807136 wall_ms=5.809488 event_TFLOPS=1514.704 wall_TFLOPS=1514.091 checksum=00000000
gpu label=before_baseline_random-signed8_p2 35, 231.67, 1000.00, 1965, 3996
run variant=baseline input=random-signed8 pass=2
device=0 name="NVIDIA B200" cc=10.0 cta=256x256 stage_k=64 stages=3 pipes=2 persistent_ctas=148 scheduler=dynamic_16x16_mfast phase=0/0 c_store=tma_fp32_sw128 l2_promotion=none dynamic_smem=197632
size=16384 mtile=64 ntile=64 ktiles=256 ctas=4096 launch_ctas=148 input_init=random-signed8 event_ms=5.824998 wall_ms=5.827162 event_TFLOPS=1510.059 wall_TFLOPS=1509.499 checksum=00000000
gpu label=before_e1_random-signed8_p2 35, 235.26, 1000.00, 1965, 3996
run variant=e1 input=random-signed8 pass=2
device=0 name="NVIDIA B200" cc=10.0 cta=256x256 stage_k=64 stages=3 pipes=2 persistent_ctas=148 scheduler=dynamic_16x16_mfast phase=0/0 c_store=tma_fp32_sw128 l2_promotion=none dynamic_smem=197632
size=16384 mtile=64 ntile=64 ktiles=256 ctas=4096 launch_ctas=148 input_init=random-signed8 event_ms=5.844493 wall_ms=5.846769 event_TFLOPS=1505.022 wall_TFLOPS=1504.437 checksum=00000000
gpu label=before_e1_random-signed8_p3 35, 232.04, 1000.00, 1965, 3996
run variant=e1 input=random-signed8 pass=3
device=0 name="NVIDIA B200" cc=10.0 cta=256x256 stage_k=64 stages=3 pipes=2 persistent_ctas=148 scheduler=dynamic_16x16_mfast phase=0/0 c_store=tma_fp32_sw128 l2_promotion=none dynamic_smem=197632
size=16384 mtile=64 ntile=64 ktiles=256 ctas=4096 launch_ctas=148 input_init=random-signed8 event_ms=5.825722 wall_ms=5.828122 event_TFLOPS=1509.872 wall_TFLOPS=1509.250 checksum=00000000
gpu label=before_baseline_random-signed8_p3 35, 230.23, 1000.00, 1965, 3996
run variant=baseline input=random-signed8 pass=3
device=0 name="NVIDIA B200" cc=10.0 cta=256x256 stage_k=64 stages=3 pipes=2 persistent_ctas=148 scheduler=dynamic_16x16_mfast phase=0/0 c_store=tma_fp32_sw128 l2_promotion=none dynamic_smem=197632
size=16384 mtile=64 ntile=64 ktiles=256 ctas=4096 launch_ctas=148 input_init=random-signed8 event_ms=5.830099 wall_ms=5.832537 event_TFLOPS=1508.738 wall_TFLOPS=1508.108 checksum=00000000
gpu label=after_all 35, 233.28, 1000.00, 1965, 3996
