run variant=e2a input=random pass=1
gpu label=before_e2a_random_p1 34, 142.50, 1000.00, 120, 3996
device=0 name="NVIDIA B200" cc=10.0 cta=256x256 stage_k=64 stages=3 pipes=2 persistent_ctas=148 scheduler=dynamic_16x16_mfast phase=0/0 c_store=tma_fp32_sw128 l2_promotion=none dynamic_smem=197632
size=16384 mtile=64 ntile=64 ktiles=256 ctas=4096 launch_ctas=148 input_init=random event_ms=5.031296 wall_ms=5.033684 event_TFLOPS=1748.276 wall_TFLOPS=1747.446 checksum=00000000
run variant=e2b input=random pass=1
gpu label=before_e2b_random_p1 35, 208.86, 1000.00, 1965, 3996
device=0 name="NVIDIA B200" cc=10.0 cta=256x256 stage_k=64 stages=3 pipes=2 persistent_ctas=148 scheduler=dynamic_16x16_mfast phase=0/0 c_store=tma_fp32_sw128 l2_promotion=none dynamic_smem=197632
size=16384 mtile=64 ntile=64 ktiles=256 ctas=4096 launch_ctas=148 input_init=random event_ms=5.021779 wall_ms=5.024186 event_TFLOPS=1751.589 wall_TFLOPS=1750.750 checksum=00000000
run variant=e2b input=random pass=2
gpu label=before_e2b_random_p2 36, 231.43, 1000.00, 1965, 3996
device=0 name="NVIDIA B200" cc=10.0 cta=256x256 stage_k=64 stages=3 pipes=2 persistent_ctas=148 scheduler=dynamic_16x16_mfast phase=0/0 c_store=tma_fp32_sw128 l2_promotion=none dynamic_smem=197632
size=16384 mtile=64 ntile=64 ktiles=256 ctas=4096 launch_ctas=148 input_init=random event_ms=5.027904 wall_ms=5.030075 event_TFLOPS=1749.455 wall_TFLOPS=1748.700 checksum=00000000
run variant=e2a input=random pass=2
gpu label=before_e2a_random_p2 36, 224.88, 1000.00, 1965, 3996
device=0 name="NVIDIA B200" cc=10.0 cta=256x256 stage_k=64 stages=3 pipes=2 persistent_ctas=148 scheduler=dynamic_16x16_mfast phase=0/0 c_store=tma_fp32_sw128 l2_promotion=none dynamic_smem=197632
size=16384 mtile=64 ntile=64 ktiles=256 ctas=4096 launch_ctas=148 input_init=random event_ms=5.019078 wall_ms=5.021250 event_TFLOPS=1752.531 wall_TFLOPS=1751.773 checksum=00000000
run variant=e2a input=random pass=3
gpu label=before_e2a_random_p3 36, 223.04, 1000.00, 1965, 3996
device=0 name="NVIDIA B200" cc=10.0 cta=256x256 stage_k=64 stages=3 pipes=2 persistent_ctas=148 scheduler=dynamic_16x16_mfast phase=0/0 c_store=tma_fp32_sw128 l2_promotion=none dynamic_smem=197632
size=16384 mtile=64 ntile=64 ktiles=256 ctas=4096 launch_ctas=148 input_init=random event_ms=5.020602 wall_ms=5.022712 event_TFLOPS=1752.000 wall_TFLOPS=1751.264 checksum=00000000
run variant=e2b input=random pass=3
gpu label=before_e2b_random_p3 36, 228.85, 1000.00, 1965, 3996
device=0 name="NVIDIA B200" cc=10.0 cta=256x256 stage_k=64 stages=3 pipes=2 persistent_ctas=148 scheduler=dynamic_16x16_mfast phase=0/0 c_store=tma_fp32_sw128 l2_promotion=none dynamic_smem=197632
size=16384 mtile=64 ntile=64 ktiles=256 ctas=4096 launch_ctas=148 input_init=random event_ms=5.024314 wall_ms=5.026614 event_TFLOPS=1750.705 wall_TFLOPS=1749.904 checksum=00000000
run variant=e2b input=random-signed8 pass=1
gpu label=before_e2b_random-signed8_p1 36, 229.35, 1000.00, 1965, 3996
device=0 name="NVIDIA B200" cc=10.0 cta=256x256 stage_k=64 stages=3 pipes=2 persistent_ctas=148 scheduler=dynamic_16x16_mfast phase=0/0 c_store=tma_fp32_sw128 l2_promotion=none dynamic_smem=197632
size=16384 mtile=64 ntile=64 ktiles=256 ctas=4096 launch_ctas=148 input_init=random-signed8 event_ms=5.801613 wall_ms=5.804124 event_TFLOPS=1516.146 wall_TFLOPS=1515.490 checksum=00000000
run variant=e2a input=random-signed8 pass=1
gpu label=before_e2a_random-signed8_p1 36, 228.75, 1000.00, 1965, 3996
device=0 name="NVIDIA B200" cc=10.0 cta=256x256 stage_k=64 stages=3 pipes=2 persistent_ctas=148 scheduler=dynamic_16x16_mfast phase=0/0 c_store=tma_fp32_sw128 l2_promotion=none dynamic_smem=197632
size=16384 mtile=64 ntile=64 ktiles=256 ctas=4096 launch_ctas=148 input_init=random-signed8 event_ms=5.782502 wall_ms=5.784725 event_TFLOPS=1521.157 wall_TFLOPS=1520.572 checksum=00000000
run variant=e2a input=random-signed8 pass=2
gpu label=before_e2a_random-signed8_p2 36, 236.81, 1000.00, 1965, 3996
device=0 name="NVIDIA B200" cc=10.0 cta=256x256 stage_k=64 stages=3 pipes=2 persistent_ctas=148 scheduler=dynamic_16x16_mfast phase=0/0 c_store=tma_fp32_sw128 l2_promotion=none dynamic_smem=197632
size=16384 mtile=64 ntile=64 ktiles=256 ctas=4096 launch_ctas=148 input_init=random-signed8 event_ms=5.797248 wall_ms=5.799610 event_TFLOPS=1517.288 wall_TFLOPS=1516.670 checksum=00000000
run variant=e2b input=random-signed8 pass=2
gpu label=before_e2b_random-signed8_p2 36, 233.50, 1000.00, 1965, 3996
device=0 name="NVIDIA B200" cc=10.0 cta=256x256 stage_k=64 stages=3 pipes=2 persistent_ctas=148 scheduler=dynamic_16x16_mfast phase=0/0 c_store=tma_fp32_sw128 l2_promotion=none dynamic_smem=197632
size=16384 mtile=64 ntile=64 ktiles=256 ctas=4096 launch_ctas=148 input_init=random-signed8 event_ms=5.802842 wall_ms=5.805091 event_TFLOPS=1515.825 wall_TFLOPS=1515.238 checksum=00000000
run variant=e2b input=random-signed8 pass=3
gpu label=before_e2b_random-signed8_p3 36, 235.24, 1000.00, 1965, 3996
device=0 name="NVIDIA B200" cc=10.0 cta=256x256 stage_k=64 stages=3 pipes=2 persistent_ctas=148 scheduler=dynamic_16x16_mfast phase=0/0 c_store=tma_fp32_sw128 l2_promotion=none dynamic_smem=197632
size=16384 mtile=64 ntile=64 ktiles=256 ctas=4096 launch_ctas=148 input_init=random-signed8 event_ms=5.800512 wall_ms=5.802706 event_TFLOPS=1516.434 wall_TFLOPS=1515.860 checksum=00000000
run variant=e2a input=random-signed8 pass=3
gpu label=before_e2a_random-signed8_p3 36, 232.42, 1000.00, 1965, 3996
device=0 name="NVIDIA B200" cc=10.0 cta=256x256 stage_k=64 stages=3 pipes=2 persistent_ctas=148 scheduler=dynamic_16x16_mfast phase=0/0 c_store=tma_fp32_sw128 l2_promotion=none dynamic_smem=197632
size=16384 mtile=64 ntile=64 ktiles=256 ctas=4096 launch_ctas=148 input_init=random-signed8 event_ms=5.797043 wall_ms=5.800547 event_TFLOPS=1517.341 wall_TFLOPS=1516.425 checksum=00000000
gpu label=after_all 36, 231.22, 1000.00, 1965, 3996
