/workspace/gemm_nsplit_cross_tile_prefetch_b200_45715178_20260724_472be59/source/nsplit_prefetch_overlap.cu(58): warning #177-D: variable "<unnamed>::kMBlocks" was declared but never referenced
  static constexpr int kMBlocks = 2;
                       ^

Remark: The warnings can be suppressed with "-diag-suppress <warning-number>"

/workspace/gemm_nsplit_cross_tile_prefetch_b200_45715178_20260724_472be59/source/nsplit_prefetch_overlap.cu(91): warning #177-D: variable "<unnamed>::kTmemTileStride" was declared but never referenced
  static constexpr int kTmemTileStride = 128;
                       ^

/workspace/gemm_nsplit_cross_tile_prefetch_b200_45715178_20260724_472be59/source/nsplit_prefetch_overlap.cu(155): warning #177-D: function "<unnamed>::make_stage_a_smem_desc" was declared but never referenced
  __attribute__((device)) __inline__ __attribute__((always_inline)) uint64_t make_stage_a_smem_desc(uint32_t *a_smem,
                                                                             ^

/workspace/gemm_nsplit_cross_tile_prefetch_b200_45715178_20260724_472be59/source/nsplit_prefetch_overlap.cu(174): warning #177-D: function "<unnamed>::make_bf16_idesc" was declared but never referenced
  __attribute__((host)) __attribute__((device)) __inline__ __attribute__((always_inline)) uint32_t make_bf16_idesc() {
                                                                                                   ^

/workspace/gemm_nsplit_cross_tile_prefetch_b200_45715178_20260724_472be59/source/nsplit_prefetch_overlap.cu(449): warning #177-D: function "<unnamed>::store_u32x4_smem" was declared but never referenced
  __attribute__((device)) __inline__ __attribute__((always_inline)) void store_u32x4_smem(uint32_t *smem,
                                                                         ^

ptxas info    : 0 bytes gmem
ptxas info    : Compiling entry function '_ZN59_GLOBAL__N__c938cd7f_26_nsplit_prefetch_overlap_cu_a2175ef022init_random_bf16_wordsEPjmjff' for 'sm_100a'
ptxas info    : Function properties for _ZN59_GLOBAL__N__c938cd7f_26_nsplit_prefetch_overlap_cu_a2175ef022init_random_bf16_wordsEPjmjff
    0 bytes stack frame, 0 bytes spill stores, 0 bytes spill loads
ptxas info    : Used 12 registers, used 0 barriers
ptxas info    : Compile time = 3.686 ms
ptxas info    : Compiling entry function '_ZN59_GLOBAL__N__c938cd7f_26_nsplit_prefetch_overlap_cu_a2175ef023init_formula_bf16_wordsEPjmmf' for 'sm_100a'
ptxas info    : Function properties for _ZN59_GLOBAL__N__c938cd7f_26_nsplit_prefetch_overlap_cu_a2175ef023init_formula_bf16_wordsEPjmmf
    0 bytes stack frame, 0 bytes spill stores, 0 bytes spill loads
ptxas info    : Used 22 registers, used 0 barriers
ptxas info    : Compile time = 2.539 ms
ptxas info    : Compiling entry function '_ZN59_GLOBAL__N__c938cd7f_26_nsplit_prefetch_overlap_cu_a2175ef023gemm256_bf16_16k_kernelE14CUtensorMap_stS0_S0_Pjiii' for 'sm_100a'
ptxas info    : Function properties for _ZN59_GLOBAL__N__c938cd7f_26_nsplit_prefetch_overlap_cu_a2175ef023gemm256_bf16_16k_kernelE14CUtensorMap_stS0_S0_Pjiii
    0 bytes stack frame, 0 bytes spill stores, 0 bytes spill loads
ptxas info    : Used 194 registers, used 1 barriers, 160 bytes smem
ptxas info    : Compile time = 108.728 ms
ptxas info    : Function properties for _ZN57_INTERNAL_c938cd7f_26_nsplit_prefetch_overlap_cu_a2175ef059_GLOBAL__N__c938cd7f_26_nsplit_prefetch_overlap_cu_a2175ef022prefetch_next_tile_kt0EbiiiiiiiiPK14CUtensorMap_stS3_PjPmPA3_mS7_
    0 bytes stack frame, 0 bytes spill stores, 0 bytes spill loads
