run variant=baseline input=random pass=1
gpu label=before_baseline_random_p1 34, 142.33, 1000.00, 120, 3996
device=0 name="NVIDIA B200" cc=10.0 cta=256x256 stage_k=64 stages=3 pipes=2 persistent_ctas=148 scheduler=dynamic_16x16_mfast phase=0/0 c_store=tma_fp32_sw128 l2_promotion=none dynamic_smem=197632
size=16384 mtile=64 ntile=64 ktiles=256 ctas=4096 launch_ctas=148 input_init=random event_ms=5.060518 wall_ms=5.063057 event_TFLOPS=1738.180 wall_TFLOPS=1737.309 checksum=00000000
run variant=e2a input=random pass=1
gpu label=before_e2a_random_p1 35, 210.90, 1000.00, 1965, 3996
device=0 name="NVIDIA B200" cc=10.0 cta=256x256 stage_k=64 stages=3 pipes=2 persistent_ctas=148 scheduler=dynamic_16x16_mfast phase=0/0 c_store=tma_fp32_sw128 l2_promotion=none dynamic_smem=197632
size=16384 mtile=64 ntile=64 ktiles=256 ctas=4096 launch_ctas=148 input_init=random event_ms=5.017933 wall_ms=5.020453 event_TFLOPS=1752.932 wall_TFLOPS=1752.052 checksum=00000000
run variant=e2a input=random pass=2
gpu label=before_e2a_random_p2 36, 231.12, 1000.00, 1965, 3996
device=0 name="NVIDIA B200" cc=10.0 cta=256x256 stage_k=64 stages=3 pipes=2 persistent_ctas=148 scheduler=dynamic_16x16_mfast phase=0/0 c_store=tma_fp32_sw128 l2_promotion=none dynamic_smem=197632
size=16384 mtile=64 ntile=64 ktiles=256 ctas=4096 launch_ctas=148 input_init=random event_ms=5.018605 wall_ms=5.020963 event_TFLOPS=1752.697 wall_TFLOPS=1751.874 checksum=00000000
run variant=baseline input=random pass=2
gpu label=before_baseline_random_p2 36, 225.57, 1000.00, 1965, 3996
device=0 name="NVIDIA B200" cc=10.0 cta=256x256 stage_k=64 stages=3 pipes=2 persistent_ctas=148 scheduler=dynamic_16x16_mfast phase=0/0 c_store=tma_fp32_sw128 l2_promotion=none dynamic_smem=197632
size=16384 mtile=64 ntile=64 ktiles=256 ctas=4096 launch_ctas=148 input_init=random event_ms=5.049466 wall_ms=5.051726 event_TFLOPS=1741.985 wall_TFLOPS=1741.205 checksum=00000000
run variant=baseline input=random pass=3
gpu label=before_baseline_random_p3 36, 227.35, 1000.00, 1965, 3996
device=0 name="NVIDIA B200" cc=10.0 cta=256x256 stage_k=64 stages=3 pipes=2 persistent_ctas=148 scheduler=dynamic_16x16_mfast phase=0/0 c_store=tma_fp32_sw128 l2_promotion=none dynamic_smem=197632
size=16384 mtile=64 ntile=64 ktiles=256 ctas=4096 launch_ctas=148 input_init=random event_ms=5.045184 wall_ms=5.047641 event_TFLOPS=1743.463 wall_TFLOPS=1742.615 checksum=00000000
run variant=e2a input=random pass=3
gpu label=before_e2a_random_p3 36, 222.93, 1000.00, 1965, 3996
device=0 name="NVIDIA B200" cc=10.0 cta=256x256 stage_k=64 stages=3 pipes=2 persistent_ctas=148 scheduler=dynamic_16x16_mfast phase=0/0 c_store=tma_fp32_sw128 l2_promotion=none dynamic_smem=197632
size=16384 mtile=64 ntile=64 ktiles=256 ctas=4096 launch_ctas=148 input_init=random event_ms=5.016500 wall_ms=5.018771 event_TFLOPS=1753.433 wall_TFLOPS=1752.639 checksum=00000000
run variant=e2a input=random-signed8 pass=1
gpu label=before_e2a_random-signed8_p1 36, 229.76, 1000.00, 1965, 3996
device=0 name="NVIDIA B200" cc=10.0 cta=256x256 stage_k=64 stages=3 pipes=2 persistent_ctas=148 scheduler=dynamic_16x16_mfast phase=0/0 c_store=tma_fp32_sw128 l2_promotion=none dynamic_smem=197632
size=16384 mtile=64 ntile=64 ktiles=256 ctas=4096 launch_ctas=148 input_init=random-signed8 event_ms=5.776160 wall_ms=5.778503 event_TFLOPS=1522.827 wall_TFLOPS=1522.210 checksum=00000000
run variant=baseline input=random-signed8 pass=1
gpu label=before_baseline_random-signed8_p1 36, 234.09, 1000.00, 1965, 3996
device=0 name="NVIDIA B200" cc=10.0 cta=256x256 stage_k=64 stages=3 pipes=2 persistent_ctas=148 scheduler=dynamic_16x16_mfast phase=0/0 c_store=tma_fp32_sw128 l2_promotion=none dynamic_smem=197632
size=16384 mtile=64 ntile=64 ktiles=256 ctas=4096 launch_ctas=148 input_init=random-signed8 event_ms=5.816422 wall_ms=5.818750 event_TFLOPS=1512.286 wall_TFLOPS=1511.681 checksum=00000000
run variant=baseline input=random-signed8 pass=2
gpu label=before_baseline_random-signed8_p2 36, 230.70, 1000.00, 1965, 3996
device=0 name="NVIDIA B200" cc=10.0 cta=256x256 stage_k=64 stages=3 pipes=2 persistent_ctas=148 scheduler=dynamic_16x16_mfast phase=0/0 c_store=tma_fp32_sw128 l2_promotion=none dynamic_smem=197632
size=16384 mtile=64 ntile=64 ktiles=256 ctas=4096 launch_ctas=148 input_init=random-signed8 event_ms=5.803808 wall_ms=5.806262 event_TFLOPS=1515.573 wall_TFLOPS=1514.932 checksum=00000000
run variant=e2a input=random-signed8 pass=2
gpu label=before_e2a_random-signed8_p2 36, 233.60, 1000.00, 1965, 3996
device=0 name="NVIDIA B200" cc=10.0 cta=256x256 stage_k=64 stages=3 pipes=2 persistent_ctas=148 scheduler=dynamic_16x16_mfast phase=0/0 c_store=tma_fp32_sw128 l2_promotion=none dynamic_smem=197632
size=16384 mtile=64 ntile=64 ktiles=256 ctas=4096 launch_ctas=148 input_init=random-signed8 event_ms=5.797472 wall_ms=5.800678 event_TFLOPS=1517.229 wall_TFLOPS=1516.390 checksum=00000000
run variant=e2a input=random-signed8 pass=3
gpu label=before_e2a_random-signed8_p3 36, 231.30, 1000.00, 1965, 3996
device=0 name="NVIDIA B200" cc=10.0 cta=256x256 stage_k=64 stages=3 pipes=2 persistent_ctas=148 scheduler=dynamic_16x16_mfast phase=0/0 c_store=tma_fp32_sw128 l2_promotion=none dynamic_smem=197632
size=16384 mtile=64 ntile=64 ktiles=256 ctas=4096 launch_ctas=148 input_init=random-signed8 event_ms=5.796889 wall_ms=5.799151 event_TFLOPS=1517.382 wall_TFLOPS=1516.790 checksum=00000000
run variant=baseline input=random-signed8 pass=3
gpu label=before_baseline_random-signed8_p3 36, 231.75, 1000.00, 1965, 3996
device=0 name="NVIDIA B200" cc=10.0 cta=256x256 stage_k=64 stages=3 pipes=2 persistent_ctas=148 scheduler=dynamic_16x16_mfast phase=0/0 c_store=tma_fp32_sw128 l2_promotion=none dynamic_smem=197632
size=16384 mtile=64 ntile=64 ktiles=256 ctas=4096 launch_ctas=148 input_init=random-signed8 event_ms=5.827597 wall_ms=5.830066 event_TFLOPS=1509.386 wall_TFLOPS=1508.747 checksum=00000000
gpu label=after_all 36, 232.47, 1000.00, 1965, 3996
run variant=e2a input=random pass=4
gpu label=before_e2a_random_p4 34, 142.27, 1000.00, 120, 3996
device=0 name="NVIDIA B200" cc=10.0 cta=256x256 stage_k=64 stages=3 pipes=2 persistent_ctas=148 scheduler=dynamic_16x16_mfast phase=0/0 c_store=tma_fp32_sw128 l2_promotion=none dynamic_smem=197632
size=16384 mtile=64 ntile=64 ktiles=256 ctas=4096 launch_ctas=148 input_init=random event_ms=5.033581 wall_ms=5.036067 event_TFLOPS=1747.482 wall_TFLOPS=1746.619 checksum=00000000
run variant=baseline input=random pass=4
gpu label=before_baseline_random_p4 35, 211.71, 1000.00, 1965, 3996
device=0 name="NVIDIA B200" cc=10.0 cta=256x256 stage_k=64 stages=3 pipes=2 persistent_ctas=148 scheduler=dynamic_16x16_mfast phase=0/0 c_store=tma_fp32_sw128 l2_promotion=none dynamic_smem=197632
size=16384 mtile=64 ntile=64 ktiles=256 ctas=4096 launch_ctas=148 input_init=random event_ms=5.052909 wall_ms=5.055392 event_TFLOPS=1740.798 wall_TFLOPS=1739.943 checksum=00000000
run variant=baseline input=random pass=5
gpu label=before_baseline_random_p5 36, 223.45, 1000.00, 1965, 3996
device=0 name="NVIDIA B200" cc=10.0 cta=256x256 stage_k=64 stages=3 pipes=2 persistent_ctas=148 scheduler=dynamic_16x16_mfast phase=0/0 c_store=tma_fp32_sw128 l2_promotion=none dynamic_smem=197632
size=16384 mtile=64 ntile=64 ktiles=256 ctas=4096 launch_ctas=148 input_init=random event_ms=5.048723 wall_ms=5.051171 event_TFLOPS=1742.241 wall_TFLOPS=1741.397 checksum=00000000
run variant=e2a input=random pass=5
gpu label=before_e2a_random_p5 36, 229.84, 1000.00, 1965, 3996
device=0 name="NVIDIA B200" cc=10.0 cta=256x256 stage_k=64 stages=3 pipes=2 persistent_ctas=148 scheduler=dynamic_16x16_mfast phase=0/0 c_store=tma_fp32_sw128 l2_promotion=none dynamic_smem=197632
size=16384 mtile=64 ntile=64 ktiles=256 ctas=4096 launch_ctas=148 input_init=random event_ms=5.020448 wall_ms=5.022851 event_TFLOPS=1752.053 wall_TFLOPS=1751.215 checksum=00000000
run variant=e2a input=random pass=6
gpu label=before_e2a_random_p6 36, 225.23, 1000.00, 1965, 3996
device=0 name="NVIDIA B200" cc=10.0 cta=256x256 stage_k=64 stages=3 pipes=2 persistent_ctas=148 scheduler=dynamic_16x16_mfast phase=0/0 c_store=tma_fp32_sw128 l2_promotion=none dynamic_smem=197632
size=16384 mtile=64 ntile=64 ktiles=256 ctas=4096 launch_ctas=148 input_init=random event_ms=5.018247 wall_ms=5.020660 event_TFLOPS=1752.822 wall_TFLOPS=1751.979 checksum=00000000
run variant=baseline input=random pass=6
gpu label=before_baseline_random_p6 36, 230.09, 1000.00, 1965, 3996
device=0 name="NVIDIA B200" cc=10.0 cta=256x256 stage_k=64 stages=3 pipes=2 persistent_ctas=148 scheduler=dynamic_16x16_mfast phase=0/0 c_store=tma_fp32_sw128 l2_promotion=none dynamic_smem=197632
size=16384 mtile=64 ntile=64 ktiles=256 ctas=4096 launch_ctas=148 input_init=random event_ms=5.053568 wall_ms=5.056003 event_TFLOPS=1740.571 wall_TFLOPS=1739.733 checksum=00000000
run variant=baseline input=random-signed8 pass=4
gpu label=before_baseline_random-signed8_p4 36, 229.77, 1000.00, 1965, 3996
device=0 name="NVIDIA B200" cc=10.0 cta=256x256 stage_k=64 stages=3 pipes=2 persistent_ctas=148 scheduler=dynamic_16x16_mfast phase=0/0 c_store=tma_fp32_sw128 l2_promotion=none dynamic_smem=197632
size=16384 mtile=64 ntile=64 ktiles=256 ctas=4096 launch_ctas=148 input_init=random-signed8 event_ms=5.811872 wall_ms=5.814248 event_TFLOPS=1513.470 wall_TFLOPS=1512.851 checksum=00000000
run variant=e2a input=random-signed8 pass=4
gpu label=before_e2a_random-signed8_p4 36, 229.20, 1000.00, 1965, 3996
device=0 name="NVIDIA B200" cc=10.0 cta=256x256 stage_k=64 stages=3 pipes=2 persistent_ctas=148 scheduler=dynamic_16x16_mfast phase=0/0 c_store=tma_fp32_sw128 l2_promotion=none dynamic_smem=197632
size=16384 mtile=64 ntile=64 ktiles=256 ctas=4096 launch_ctas=148 input_init=random-signed8 event_ms=5.801434 wall_ms=5.803901 event_TFLOPS=1516.193 wall_TFLOPS=1515.548 checksum=00000000
run variant=e2a input=random-signed8 pass=5
gpu label=before_e2a_random-signed8_p5 36, 231.20, 1000.00, 1965, 3996
device=0 name="NVIDIA B200" cc=10.0 cta=256x256 stage_k=64 stages=3 pipes=2 persistent_ctas=148 scheduler=dynamic_16x16_mfast phase=0/0 c_store=tma_fp32_sw128 l2_promotion=none dynamic_smem=197632
size=16384 mtile=64 ntile=64 ktiles=256 ctas=4096 launch_ctas=148 input_init=random-signed8 event_ms=5.796467 wall_ms=5.798728 event_TFLOPS=1517.492 wall_TFLOPS=1516.900 checksum=00000000
run variant=baseline input=random-signed8 pass=5
gpu label=before_baseline_random-signed8_p5 36, 228.97, 1000.00, 1965, 3996
device=0 name="NVIDIA B200" cc=10.0 cta=256x256 stage_k=64 stages=3 pipes=2 persistent_ctas=148 scheduler=dynamic_16x16_mfast phase=0/0 c_store=tma_fp32_sw128 l2_promotion=none dynamic_smem=197632
size=16384 mtile=64 ntile=64 ktiles=256 ctas=4096 launch_ctas=148 input_init=random-signed8 event_ms=5.822298 wall_ms=5.824789 event_TFLOPS=1510.760 wall_TFLOPS=1510.114 checksum=00000000
run variant=baseline input=random-signed8 pass=6
gpu label=before_baseline_random-signed8_p6 36, 229.63, 1000.00, 1965, 3996
device=0 name="NVIDIA B200" cc=10.0 cta=256x256 stage_k=64 stages=3 pipes=2 persistent_ctas=148 scheduler=dynamic_16x16_mfast phase=0/0 c_store=tma_fp32_sw128 l2_promotion=none dynamic_smem=197632
size=16384 mtile=64 ntile=64 ktiles=256 ctas=4096 launch_ctas=148 input_init=random-signed8 event_ms=5.800954 wall_ms=5.803357 event_TFLOPS=1516.318 wall_TFLOPS=1515.690 checksum=00000000
run variant=e2a input=random-signed8 pass=6
gpu label=before_e2a_random-signed8_p6 36, 230.84, 1000.00, 1965, 3996
device=0 name="NVIDIA B200" cc=10.0 cta=256x256 stage_k=64 stages=3 pipes=2 persistent_ctas=148 scheduler=dynamic_16x16_mfast phase=0/0 c_store=tma_fp32_sw128 l2_promotion=none dynamic_smem=197632
size=16384 mtile=64 ntile=64 ktiles=256 ctas=4096 launch_ctas=148 input_init=random-signed8 event_ms=5.777978 wall_ms=5.780414 event_TFLOPS=1522.348 wall_TFLOPS=1521.706 checksum=00000000
gpu label=after_all_extended 36, 231.90, 1000.00, 1965, 3996
