/workspace/gemm_size_library_compare_20260727_f417348/source/ours_8192.cu(651): warning #177-D: variable "ntile" was declared but never referenced
      const int ntile = ntile_count;
                ^
          detected during instantiation of "void <unnamed>::set_one_gemm_kernel_attribute<KTiles,MTiles,NTiles>() [with KTiles=128, MTiles=32, NTiles=32]" at line 1001

Remark: The warnings can be suppressed with "-diag-suppress <warning-number>"

ptxas info    : 0 bytes gmem
ptxas info    : Compiling entry function '_ZN45_GLOBAL__N__a7fadc6f_12_ours_8192_cu_a2175ef023gemm256_bf16_16k_kernelILi4ELi1ELi1EEEv14CUtensorMap_stS1_S1_Pj' for 'sm_100a'
ptxas info    : Function properties for _ZN45_GLOBAL__N__a7fadc6f_12_ours_8192_cu_a2175ef023gemm256_bf16_16k_kernelILi4ELi1ELi1EEEv14CUtensorMap_stS1_S1_Pj
    0 bytes stack frame, 0 bytes spill stores, 0 bytes spill loads
ptxas info    : Used 154 registers, used 1 barriers, 128 bytes smem
ptxas info    : Compile time = 53.116 ms
ptxas info    : Compiling entry function '_ZN45_GLOBAL__N__a7fadc6f_12_ours_8192_cu_a2175ef023gemm256_bf16_16k_kernelILi8ELi2ELi2EEEv14CUtensorMap_stS1_S1_Pj' for 'sm_100a'
ptxas info    : Function properties for _ZN45_GLOBAL__N__a7fadc6f_12_ours_8192_cu_a2175ef023gemm256_bf16_16k_kernelILi8ELi2ELi2EEEv14CUtensorMap_stS1_S1_Pj
    0 bytes stack frame, 0 bytes spill stores, 0 bytes spill loads
ptxas info    : Used 166 registers, used 1 barriers, 128 bytes smem
ptxas info    : Compile time = 67.233 ms
ptxas info    : Compiling entry function '_ZN45_GLOBAL__N__a7fadc6f_12_ours_8192_cu_a2175ef023gemm256_bf16_16k_kernelILi128ELi32ELi32EEEv14CUtensorMap_stS1_S1_Pj' for 'sm_100a'
ptxas info    : Function properties for _ZN45_GLOBAL__N__a7fadc6f_12_ours_8192_cu_a2175ef023gemm256_bf16_16k_kernelILi128ELi32ELi32EEEv14CUtensorMap_stS1_S1_Pj
    0 bytes stack frame, 0 bytes spill stores, 0 bytes spill loads
ptxas info    : Used 164 registers, used 1 barriers, 128 bytes smem
ptxas info    : Compile time = 58.986 ms
ptxas info    : Compiling entry function '_ZN45_GLOBAL__N__a7fadc6f_12_ours_8192_cu_a2175ef022init_random_bf16_wordsEPjmjff' for 'sm_100a'
ptxas info    : Function properties for _ZN45_GLOBAL__N__a7fadc6f_12_ours_8192_cu_a2175ef022init_random_bf16_wordsEPjmjff
    0 bytes stack frame, 0 bytes spill stores, 0 bytes spill loads
ptxas info    : Used 12 registers, used 0 barriers
ptxas info    : Compile time = 2.101 ms
ptxas info    : Compiling entry function '_ZN45_GLOBAL__N__a7fadc6f_12_ours_8192_cu_a2175ef023init_formula_bf16_wordsEPjmmf' for 'sm_100a'
ptxas info    : Function properties for _ZN45_GLOBAL__N__a7fadc6f_12_ours_8192_cu_a2175ef023init_formula_bf16_wordsEPjmmf
    0 bytes stack frame, 0 bytes spill stores, 0 bytes spill loads
ptxas info    : Used 22 registers, used 0 barriers
ptxas info    : Compile time = 2.696 ms
