run variant=e31 input=random pass=1
gpu label=before_e31_random_p1 32, 141.79, 1000.00, 120, 3996
device=0 name="NVIDIA B200" cc=10.0 cta=256x256 stage_k=64 stages=3 pipes=2 persistent_ctas=148 scheduler=dynamic_16x16_mfast phase=0/0 c_store=tma_fp32_sw128 l2_promotion=none dynamic_smem=197632
size=16384 mtile=64 ntile=64 ktiles=256 ctas=4096 launch_ctas=148 input_init=random event_ms=5.060339 wall_ms=5.062636 event_TFLOPS=1738.242 wall_TFLOPS=1737.453 checksum=00000000
run variant=e32 input=random pass=1
gpu label=before_e32_random_p1 34, 204.21, 1000.00, 1965, 3996
device=0 name="NVIDIA B200" cc=10.0 cta=256x256 stage_k=64 stages=3 pipes=2 persistent_ctas=148 scheduler=dynamic_16x16_mfast phase=0/0 c_store=tma_fp32_sw128 l2_promotion=none dynamic_smem=197632
size=16384 mtile=64 ntile=64 ktiles=256 ctas=4096 launch_ctas=148 input_init=random event_ms=5.060237 wall_ms=5.062656 event_TFLOPS=1738.277 wall_TFLOPS=1737.446 checksum=00000000
run variant=e32 input=random pass=2
gpu label=before_e32_random_p2 34, 225.91, 1000.00, 1965, 3996
device=0 name="NVIDIA B200" cc=10.0 cta=256x256 stage_k=64 stages=3 pipes=2 persistent_ctas=148 scheduler=dynamic_16x16_mfast phase=0/0 c_store=tma_fp32_sw128 l2_promotion=none dynamic_smem=197632
size=16384 mtile=64 ntile=64 ktiles=256 ctas=4096 launch_ctas=148 input_init=random event_ms=5.049875 wall_ms=5.052137 event_TFLOPS=1741.844 wall_TFLOPS=1741.064 checksum=00000000
run variant=e31 input=random pass=2
gpu label=before_e31_random_p2 34, 227.82, 1000.00, 1965, 3996
device=0 name="NVIDIA B200" cc=10.0 cta=256x256 stage_k=64 stages=3 pipes=2 persistent_ctas=148 scheduler=dynamic_16x16_mfast phase=0/0 c_store=tma_fp32_sw128 l2_promotion=none dynamic_smem=197632
size=16384 mtile=64 ntile=64 ktiles=256 ctas=4096 launch_ctas=148 input_init=random event_ms=5.051514 wall_ms=5.053704 event_TFLOPS=1741.279 wall_TFLOPS=1740.524 checksum=00000000
run variant=e31 input=random pass=3
gpu label=before_e31_random_p3 34, 230.67, 1000.00, 1965, 3996
device=0 name="NVIDIA B200" cc=10.0 cta=256x256 stage_k=64 stages=3 pipes=2 persistent_ctas=148 scheduler=dynamic_16x16_mfast phase=0/0 c_store=tma_fp32_sw128 l2_promotion=none dynamic_smem=197632
size=16384 mtile=64 ntile=64 ktiles=256 ctas=4096 launch_ctas=148 input_init=random event_ms=5.053344 wall_ms=5.055701 event_TFLOPS=1740.648 wall_TFLOPS=1739.836 checksum=00000000
run variant=e32 input=random pass=3
gpu label=before_e32_random_p3 35, 231.00, 1000.00, 1965, 3996
device=0 name="NVIDIA B200" cc=10.0 cta=256x256 stage_k=64 stages=3 pipes=2 persistent_ctas=148 scheduler=dynamic_16x16_mfast phase=0/0 c_store=tma_fp32_sw128 l2_promotion=none dynamic_smem=197632
size=16384 mtile=64 ntile=64 ktiles=256 ctas=4096 launch_ctas=148 input_init=random event_ms=5.064576 wall_ms=5.066801 event_TFLOPS=1736.788 wall_TFLOPS=1736.025 checksum=00000000
run variant=e32 input=random-signed8 pass=1
gpu label=before_e32_random-signed8_p1 35, 225.58, 1000.00, 1965, 3996
device=0 name="NVIDIA B200" cc=10.0 cta=256x256 stage_k=64 stages=3 pipes=2 persistent_ctas=148 scheduler=dynamic_16x16_mfast phase=0/0 c_store=tma_fp32_sw128 l2_promotion=none dynamic_smem=197632
size=16384 mtile=64 ntile=64 ktiles=256 ctas=4096 launch_ctas=148 input_init=random-signed8 event_ms=5.837485 wall_ms=5.839757 event_TFLOPS=1506.829 wall_TFLOPS=1506.243 checksum=00000000
run variant=e31 input=random-signed8 pass=1
gpu label=before_e31_random-signed8_p1 35, 229.41, 1000.00, 1965, 3996
device=0 name="NVIDIA B200" cc=10.0 cta=256x256 stage_k=64 stages=3 pipes=2 persistent_ctas=148 scheduler=dynamic_16x16_mfast phase=0/0 c_store=tma_fp32_sw128 l2_promotion=none dynamic_smem=197632
size=16384 mtile=64 ntile=64 ktiles=256 ctas=4096 launch_ctas=148 input_init=random-signed8 event_ms=5.800781 wall_ms=5.802993 event_TFLOPS=1516.364 wall_TFLOPS=1515.785 checksum=00000000
run variant=e31 input=random-signed8 pass=2
gpu label=before_e31_random-signed8_p2 35, 229.14, 1000.00, 1965, 3996
device=0 name="NVIDIA B200" cc=10.0 cta=256x256 stage_k=64 stages=3 pipes=2 persistent_ctas=148 scheduler=dynamic_16x16_mfast phase=0/0 c_store=tma_fp32_sw128 l2_promotion=none dynamic_smem=197632
size=16384 mtile=64 ntile=64 ktiles=256 ctas=4096 launch_ctas=148 input_init=random-signed8 event_ms=5.823674 wall_ms=5.826018 event_TFLOPS=1510.403 wall_TFLOPS=1509.795 checksum=00000000
run variant=e32 input=random-signed8 pass=2
gpu label=before_e32_random-signed8_p2 35, 232.20, 1000.00, 1965, 3996
device=0 name="NVIDIA B200" cc=10.0 cta=256x256 stage_k=64 stages=3 pipes=2 persistent_ctas=148 scheduler=dynamic_16x16_mfast phase=0/0 c_store=tma_fp32_sw128 l2_promotion=none dynamic_smem=197632
size=16384 mtile=64 ntile=64 ktiles=256 ctas=4096 launch_ctas=148 input_init=random-signed8 event_ms=5.826746 wall_ms=5.828919 event_TFLOPS=1509.606 wall_TFLOPS=1509.044 checksum=00000000
run variant=e32 input=random-signed8 pass=3
gpu label=before_e32_random-signed8_p3 35, 235.23, 1000.00, 1965, 3996
device=0 name="NVIDIA B200" cc=10.0 cta=256x256 stage_k=64 stages=3 pipes=2 persistent_ctas=148 scheduler=dynamic_16x16_mfast phase=0/0 c_store=tma_fp32_sw128 l2_promotion=none dynamic_smem=197632
size=16384 mtile=64 ntile=64 ktiles=256 ctas=4096 launch_ctas=148 input_init=random-signed8 event_ms=5.834125 wall_ms=5.836432 event_TFLOPS=1507.697 wall_TFLOPS=1507.101 checksum=00000000
run variant=e31 input=random-signed8 pass=3
gpu label=before_e31_random-signed8_p3 35, 231.43, 1000.00, 1965, 3996
device=0 name="NVIDIA B200" cc=10.0 cta=256x256 stage_k=64 stages=3 pipes=2 persistent_ctas=148 scheduler=dynamic_16x16_mfast phase=0/0 c_store=tma_fp32_sw128 l2_promotion=none dynamic_smem=197632
size=16384 mtile=64 ntile=64 ktiles=256 ctas=4096 launch_ctas=148 input_init=random-signed8 event_ms=5.830285 wall_ms=5.832537 event_TFLOPS=1508.690 wall_TFLOPS=1508.108 checksum=00000000
gpu label=after_all 35, 228.65, 1000.00, 1965, 3996
