run input=random pass=1 variant=e7a_exact
device=0 name="NVIDIA B200" cc=10.0 cta=256x256 stage_k=64 stages=3 b_parts=2 mma=m128n256k16 split=m_split k_loop=u1 persistent_ctas=148 scheduler=dynamic_16x16_mfast phase=0/0 c_store=tma_fp32_sw128 l2_promotion=none dynamic_smem=197632
size=16384 mtile=64 ntile=64 ktiles=256 ctas=4096 launch_ctas=148 input_init=random event_ms=4.837113 wall_ms=4.839526 event_TFLOPS=1818.459 wall_TFLOPS=1817.553 checksum=00000000
run input=random pass=1 variant=nsplit_exact
device=0 name="NVIDIA B200" cc=10.0 cta=256x256 stage_k=64 stages=3 pipes=2 persistent_ctas=148 scheduler=dynamic_16x16_mfast phase=0/0 c_store=tma_fp32_sw128 l2_promotion=none dynamic_smem=197632
size=16384 mtile=64 ntile=64 ktiles=256 ctas=4096 launch_ctas=148 input_init=random event_ms=4.890630 wall_ms=4.892935 event_TFLOPS=1798.560 wall_TFLOPS=1797.713 checksum=00000000
run input=random pass=1 variant=nsplit_u1_suspend_prod
device=0 name="NVIDIA B200" cc=10.0 cta=256x256 stage_k=64 stages=3 pipes=2 persistent_ctas=148 scheduler=dynamic_16x16_mfast nsplit_variant=nsplit_u1_suspend_prod phase=0/0 c_store=tma_fp32_sw128 l2_promotion=none dynamic_smem=197632
size=16384 mtile=64 ntile=64 ktiles=256 ctas=4096 launch_ctas=148 input_init=random event_ms=4.893792 wall_ms=4.896147 event_TFLOPS=1797.398 wall_TFLOPS=1796.534 checksum=00000000
run input=random pass=2 variant=nsplit_u1_suspend_prod
device=0 name="NVIDIA B200" cc=10.0 cta=256x256 stage_k=64 stages=3 pipes=2 persistent_ctas=148 scheduler=dynamic_16x16_mfast nsplit_variant=nsplit_u1_suspend_prod phase=0/0 c_store=tma_fp32_sw128 l2_promotion=none dynamic_smem=197632
size=16384 mtile=64 ntile=64 ktiles=256 ctas=4096 launch_ctas=148 input_init=random event_ms=4.892455 wall_ms=4.894735 event_TFLOPS=1797.890 wall_TFLOPS=1797.052 checksum=00000000
run input=random pass=2 variant=e7a_exact
device=0 name="NVIDIA B200" cc=10.0 cta=256x256 stage_k=64 stages=3 b_parts=2 mma=m128n256k16 split=m_split k_loop=u1 persistent_ctas=148 scheduler=dynamic_16x16_mfast phase=0/0 c_store=tma_fp32_sw128 l2_promotion=none dynamic_smem=197632
size=16384 mtile=64 ntile=64 ktiles=256 ctas=4096 launch_ctas=148 input_init=random event_ms=4.840032 wall_ms=4.842669 event_TFLOPS=1817.363 wall_TFLOPS=1816.373 checksum=00000000
run input=random pass=2 variant=nsplit_exact
device=0 name="NVIDIA B200" cc=10.0 cta=256x256 stage_k=64 stages=3 pipes=2 persistent_ctas=148 scheduler=dynamic_16x16_mfast phase=0/0 c_store=tma_fp32_sw128 l2_promotion=none dynamic_smem=197632
size=16384 mtile=64 ntile=64 ktiles=256 ctas=4096 launch_ctas=148 input_init=random event_ms=4.887065 wall_ms=4.889363 event_TFLOPS=1799.872 wall_TFLOPS=1799.026 checksum=00000000
run input=random pass=3 variant=nsplit_exact
device=0 name="NVIDIA B200" cc=10.0 cta=256x256 stage_k=64 stages=3 pipes=2 persistent_ctas=148 scheduler=dynamic_16x16_mfast phase=0/0 c_store=tma_fp32_sw128 l2_promotion=none dynamic_smem=197632
size=16384 mtile=64 ntile=64 ktiles=256 ctas=4096 launch_ctas=148 input_init=random event_ms=4.905542 wall_ms=4.909775 event_TFLOPS=1793.093 wall_TFLOPS=1791.547 checksum=00000000
run input=random pass=3 variant=nsplit_u1_suspend_prod
device=0 name="NVIDIA B200" cc=10.0 cta=256x256 stage_k=64 stages=3 pipes=2 persistent_ctas=148 scheduler=dynamic_16x16_mfast nsplit_variant=nsplit_u1_suspend_prod phase=0/0 c_store=tma_fp32_sw128 l2_promotion=none dynamic_smem=197632
size=16384 mtile=64 ntile=64 ktiles=256 ctas=4096 launch_ctas=148 input_init=random event_ms=4.900269 wall_ms=4.902595 event_TFLOPS=1795.023 wall_TFLOPS=1794.171 checksum=00000000
run input=random pass=3 variant=e7a_exact
device=0 name="NVIDIA B200" cc=10.0 cta=256x256 stage_k=64 stages=3 b_parts=2 mma=m128n256k16 split=m_split k_loop=u1 persistent_ctas=148 scheduler=dynamic_16x16_mfast phase=0/0 c_store=tma_fp32_sw128 l2_promotion=none dynamic_smem=197632
size=16384 mtile=64 ntile=64 ktiles=256 ctas=4096 launch_ctas=148 input_init=random event_ms=4.845670 wall_ms=4.848021 event_TFLOPS=1815.248 wall_TFLOPS=1814.368 checksum=00000000
run input=random-signed8 pass=1 variant=nsplit_u1_suspend_prod
device=0 name="NVIDIA B200" cc=10.0 cta=256x256 stage_k=64 stages=3 pipes=2 persistent_ctas=148 scheduler=dynamic_16x16_mfast nsplit_variant=nsplit_u1_suspend_prod phase=0/0 c_store=tma_fp32_sw128 l2_promotion=none dynamic_smem=197632
size=16384 mtile=64 ntile=64 ktiles=256 ctas=4096 launch_ctas=148 input_init=random-signed8 event_ms=5.497689 wall_ms=5.500120 event_TFLOPS=1599.962 wall_TFLOPS=1599.255 checksum=00000000
run input=random-signed8 pass=1 variant=nsplit_exact
device=0 name="NVIDIA B200" cc=10.0 cta=256x256 stage_k=64 stages=3 pipes=2 persistent_ctas=148 scheduler=dynamic_16x16_mfast phase=0/0 c_store=tma_fp32_sw128 l2_promotion=none dynamic_smem=197632
size=16384 mtile=64 ntile=64 ktiles=256 ctas=4096 launch_ctas=148 input_init=random-signed8 event_ms=5.517344 wall_ms=5.519515 event_TFLOPS=1594.262 wall_TFLOPS=1593.635 checksum=00000000
run input=random-signed8 pass=1 variant=e7a_exact
device=0 name="NVIDIA B200" cc=10.0 cta=256x256 stage_k=64 stages=3 b_parts=2 mma=m128n256k16 split=m_split k_loop=u1 persistent_ctas=148 scheduler=dynamic_16x16_mfast phase=0/0 c_store=tma_fp32_sw128 l2_promotion=none dynamic_smem=197632
size=16384 mtile=64 ntile=64 ktiles=256 ctas=4096 launch_ctas=148 input_init=random-signed8 event_ms=5.443852 wall_ms=5.446105 event_TFLOPS=1615.785 wall_TFLOPS=1615.116 checksum=00000000
run input=random-signed8 pass=2 variant=e7a_exact
device=0 name="NVIDIA B200" cc=10.0 cta=256x256 stage_k=64 stages=3 b_parts=2 mma=m128n256k16 split=m_split k_loop=u1 persistent_ctas=148 scheduler=dynamic_16x16_mfast phase=0/0 c_store=tma_fp32_sw128 l2_promotion=none dynamic_smem=197632
size=16384 mtile=64 ntile=64 ktiles=256 ctas=4096 launch_ctas=148 input_init=random-signed8 event_ms=5.446272 wall_ms=5.448787 event_TFLOPS=1615.067 wall_TFLOPS=1614.321 checksum=00000000
run input=random-signed8 pass=2 variant=nsplit_u1_suspend_prod
device=0 name="NVIDIA B200" cc=10.0 cta=256x256 stage_k=64 stages=3 pipes=2 persistent_ctas=148 scheduler=dynamic_16x16_mfast nsplit_variant=nsplit_u1_suspend_prod phase=0/0 c_store=tma_fp32_sw128 l2_promotion=none dynamic_smem=197632
size=16384 mtile=64 ntile=64 ktiles=256 ctas=4096 launch_ctas=148 input_init=random-signed8 event_ms=5.504851 wall_ms=5.507257 event_TFLOPS=1597.880 wall_TFLOPS=1597.182 checksum=00000000
run input=random-signed8 pass=2 variant=nsplit_exact
device=0 name="NVIDIA B200" cc=10.0 cta=256x256 stage_k=64 stages=3 pipes=2 persistent_ctas=148 scheduler=dynamic_16x16_mfast phase=0/0 c_store=tma_fp32_sw128 l2_promotion=none dynamic_smem=197632
size=16384 mtile=64 ntile=64 ktiles=256 ctas=4096 launch_ctas=148 input_init=random-signed8 event_ms=5.527277 wall_ms=5.529628 event_TFLOPS=1591.397 wall_TFLOPS=1590.721 checksum=00000000
run input=random-signed8 pass=3 variant=nsplit_exact
device=0 name="NVIDIA B200" cc=10.0 cta=256x256 stage_k=64 stages=3 pipes=2 persistent_ctas=148 scheduler=dynamic_16x16_mfast phase=0/0 c_store=tma_fp32_sw128 l2_promotion=none dynamic_smem=197632
size=16384 mtile=64 ntile=64 ktiles=256 ctas=4096 launch_ctas=148 input_init=random-signed8 event_ms=5.512480 wall_ms=5.514936 event_TFLOPS=1595.669 wall_TFLOPS=1594.958 checksum=00000000
run input=random-signed8 pass=3 variant=e7a_exact
device=0 name="NVIDIA B200" cc=10.0 cta=256x256 stage_k=64 stages=3 b_parts=2 mma=m128n256k16 split=m_split k_loop=u1 persistent_ctas=148 scheduler=dynamic_16x16_mfast phase=0/0 c_store=tma_fp32_sw128 l2_promotion=none dynamic_smem=197632
size=16384 mtile=64 ntile=64 ktiles=256 ctas=4096 launch_ctas=148 input_init=random-signed8 event_ms=5.473133 wall_ms=5.475515 event_TFLOPS=1607.140 wall_TFLOPS=1606.441 checksum=00000000
run input=random-signed8 pass=3 variant=nsplit_u1_suspend_prod
device=0 name="NVIDIA B200" cc=10.0 cta=256x256 stage_k=64 stages=3 pipes=2 persistent_ctas=148 scheduler=dynamic_16x16_mfast nsplit_variant=nsplit_u1_suspend_prod phase=0/0 c_store=tma_fp32_sw128 l2_promotion=none dynamic_smem=197632
size=16384 mtile=64 ntile=64 ktiles=256 ctas=4096 launch_ctas=148 input_init=random-signed8 event_ms=5.477798 wall_ms=5.480212 event_TFLOPS=1605.772 wall_TFLOPS=1605.064 checksum=00000000
