/workspace/gemm_nsplit_ws_b200_45481495_20260724_cfa51a9/source/nsplit_static_control.cu(58): warning #177-D: variable "<unnamed>::kMBlocks" was declared but never referenced
  static constexpr int kMBlocks = 2;
                       ^

Remark: The warnings can be suppressed with "-diag-suppress <warning-number>"

ptxas info    : 0 bytes gmem
ptxas info    : Compiling entry function '_ZN57_GLOBAL__N__9678f100_24_nsplit_static_control_cu_a2175ef022init_random_bf16_wordsEPjmjff' for 'sm_100a'
ptxas info    : Function properties for _ZN57_GLOBAL__N__9678f100_24_nsplit_static_control_cu_a2175ef022init_random_bf16_wordsEPjmjff
    0 bytes stack frame, 0 bytes spill stores, 0 bytes spill loads
ptxas info    : Used 12 registers, used 0 barriers
ptxas info    : Compile time = 3.238 ms
ptxas info    : Compiling entry function '_ZN57_GLOBAL__N__9678f100_24_nsplit_static_control_cu_a2175ef023init_formula_bf16_wordsEPjmmf' for 'sm_100a'
ptxas info    : Function properties for _ZN57_GLOBAL__N__9678f100_24_nsplit_static_control_cu_a2175ef023init_formula_bf16_wordsEPjmmf
    0 bytes stack frame, 0 bytes spill stores, 0 bytes spill loads
ptxas info    : Used 22 registers, used 0 barriers
ptxas info    : Compile time = 2.829 ms
ptxas info    : Compiling entry function '_ZN57_GLOBAL__N__9678f100_24_nsplit_static_control_cu_a2175ef023gemm256_bf16_16k_kernelE14CUtensorMap_stS0_S0_Pjiii' for 'sm_100a'
ptxas info    : Function properties for _ZN57_GLOBAL__N__9678f100_24_nsplit_static_control_cu_a2175ef023gemm256_bf16_16k_kernelE14CUtensorMap_stS0_S0_Pjiii
    0 bytes stack frame, 0 bytes spill stores, 0 bytes spill loads
ptxas info    : Used 166 registers, used 1 barriers, 160 bytes smem
ptxas info    : Compile time = 89.555 ms
