/workspace/gemm_nsplit_overhead_20260727_2e58a08/source/sink_trim.cu(651): warning #177-D: variable "ntile" was declared but never referenced
      const int ntile = ntile_count;
                ^

Remark: The warnings can be suppressed with "-diag-suppress <warning-number>"

ptxas info    : 0 bytes gmem
ptxas info    : Compiling entry function '_ZN45_GLOBAL__N__387e8450_12_sink_trim_cu_a2175ef022init_random_bf16_wordsEPjmjff' for 'sm_100a'
ptxas info    : Function properties for _ZN45_GLOBAL__N__387e8450_12_sink_trim_cu_a2175ef022init_random_bf16_wordsEPjmjff
    0 bytes stack frame, 0 bytes spill stores, 0 bytes spill loads
ptxas info    : Used 12 registers, used 0 barriers
ptxas info    : Compile time = 3.362 ms
ptxas info    : Compiling entry function '_ZN45_GLOBAL__N__387e8450_12_sink_trim_cu_a2175ef023init_formula_bf16_wordsEPjmmf' for 'sm_100a'
ptxas info    : Function properties for _ZN45_GLOBAL__N__387e8450_12_sink_trim_cu_a2175ef023init_formula_bf16_wordsEPjmmf
    0 bytes stack frame, 0 bytes spill stores, 0 bytes spill loads
ptxas info    : Used 22 registers, used 0 barriers
ptxas info    : Compile time = 2.848 ms
ptxas info    : Compiling entry function '_ZN45_GLOBAL__N__387e8450_12_sink_trim_cu_a2175ef023gemm256_bf16_16k_kernelE14CUtensorMap_stS0_S0_Pjiii' for 'sm_100a'
ptxas info    : Function properties for _ZN45_GLOBAL__N__387e8450_12_sink_trim_cu_a2175ef023gemm256_bf16_16k_kernelE14CUtensorMap_stS0_S0_Pjiii
    0 bytes stack frame, 0 bytes spill stores, 0 bytes spill loads
ptxas info    : Used 170 registers, used 1 barriers, 128 bytes smem
ptxas info    : Compile time = 79.220 ms
