ptxas info    : 0 bytes gmem
ptxas info    : Compiling entry function '_ZN40_GLOBAL__N__b3366475_8_fixed_cu_a2175ef023gemm256_bf16_16k_kernelILi4ELi1ELi1EEEv14CUtensorMap_stS1_S1_Pj' for 'sm_100a'
ptxas info    : Function properties for _ZN40_GLOBAL__N__b3366475_8_fixed_cu_a2175ef023gemm256_bf16_16k_kernelILi4ELi1ELi1EEEv14CUtensorMap_stS1_S1_Pj
    0 bytes stack frame, 0 bytes spill stores, 0 bytes spill loads
ptxas info    : Used 154 registers, used 1 barriers, 144 bytes smem
ptxas info    : Compile time = 54.030 ms
ptxas info    : Compiling entry function '_ZN40_GLOBAL__N__b3366475_8_fixed_cu_a2175ef023gemm256_bf16_16k_kernelILi8ELi2ELi2EEEv14CUtensorMap_stS1_S1_Pj' for 'sm_100a'
ptxas info    : Function properties for _ZN40_GLOBAL__N__b3366475_8_fixed_cu_a2175ef023gemm256_bf16_16k_kernelILi8ELi2ELi2EEEv14CUtensorMap_stS1_S1_Pj
    0 bytes stack frame, 0 bytes spill stores, 0 bytes spill loads
ptxas info    : Used 170 registers, used 1 barriers, 144 bytes smem
ptxas info    : Compile time = 69.470 ms
ptxas info    : Compiling entry function '_ZN40_GLOBAL__N__b3366475_8_fixed_cu_a2175ef023gemm256_bf16_16k_kernelILi256ELi64ELi64EEEv14CUtensorMap_stS1_S1_Pj' for 'sm_100a'
ptxas info    : Function properties for _ZN40_GLOBAL__N__b3366475_8_fixed_cu_a2175ef023gemm256_bf16_16k_kernelILi256ELi64ELi64EEEv14CUtensorMap_stS1_S1_Pj
    0 bytes stack frame, 0 bytes spill stores, 0 bytes spill loads
ptxas info    : Used 168 registers, used 1 barriers, 144 bytes smem
ptxas info    : Compile time = 60.854 ms
ptxas info    : Compiling entry function '_ZN40_GLOBAL__N__b3366475_8_fixed_cu_a2175ef022init_random_bf16_wordsEPjmjff' for 'sm_100a'
ptxas info    : Function properties for _ZN40_GLOBAL__N__b3366475_8_fixed_cu_a2175ef022init_random_bf16_wordsEPjmjff
    0 bytes stack frame, 0 bytes spill stores, 0 bytes spill loads
ptxas info    : Used 12 registers, used 0 barriers
ptxas info    : Compile time = 2.089 ms
ptxas info    : Compiling entry function '_ZN40_GLOBAL__N__b3366475_8_fixed_cu_a2175ef023init_formula_bf16_wordsEPjmmf' for 'sm_100a'
ptxas info    : Function properties for _ZN40_GLOBAL__N__b3366475_8_fixed_cu_a2175ef023init_formula_bf16_wordsEPjmmf
    0 bytes stack frame, 0 bytes spill stores, 0 bytes spill loads
ptxas info    : Used 22 registers, used 0 barriers
ptxas info    : Compile time = 2.540 ms
