run variant=dual_wide_clean input=random pass=1
device=0 name="NVIDIA B200" cc=10.0 cta=256x256 stage_k=64 stages=3 b_parts=2 mma=m128n256k16 split=m_split k_loop=u1 persistent_ctas=148 scheduler=dynamic_16x16_mfast phase=0/0 c_store=tma_fp32_sw128 l2_promotion=none dynamic_smem=197632
size=16384 mtile=64 ntile=64 ktiles=256 ctas=4096 launch_ctas=148 input_init=random event_ms=4.968128 wall_ms=4.970432 event_TFLOPS=1770.505 wall_TFLOPS=1769.684 checksum=00000000
run variant=producer_u1 input=random pass=1
device=0 name="NVIDIA B200" cc=10.0 cta=256x256 stage_k=64 stages=3 b_parts=2 mma=m128n256k16 split=m_split k_loop=u1 persistent_ctas=148 scheduler=dynamic_16x16_mfast phase=0/0 c_store=tma_fp32_sw128 l2_promotion=none dynamic_smem=197632
size=16384 mtile=64 ntile=64 ktiles=256 ctas=4096 launch_ctas=148 input_init=random event_ms=4.994010 wall_ms=4.996195 event_TFLOPS=1761.329 wall_TFLOPS=1760.558 checksum=00000000
run variant=producer_u1 input=random pass=2
device=0 name="NVIDIA B200" cc=10.0 cta=256x256 stage_k=64 stages=3 b_parts=2 mma=m128n256k16 split=m_split k_loop=u1 persistent_ctas=148 scheduler=dynamic_16x16_mfast phase=0/0 c_store=tma_fp32_sw128 l2_promotion=none dynamic_smem=197632
size=16384 mtile=64 ntile=64 ktiles=256 ctas=4096 launch_ctas=148 input_init=random event_ms=4.989850 wall_ms=4.992065 event_TFLOPS=1762.797 wall_TFLOPS=1762.015 checksum=00000000
run variant=dual_wide_clean input=random pass=2
device=0 name="NVIDIA B200" cc=10.0 cta=256x256 stage_k=64 stages=3 b_parts=2 mma=m128n256k16 split=m_split k_loop=u1 persistent_ctas=148 scheduler=dynamic_16x16_mfast phase=0/0 c_store=tma_fp32_sw128 l2_promotion=none dynamic_smem=197632
size=16384 mtile=64 ntile=64 ktiles=256 ctas=4096 launch_ctas=148 input_init=random event_ms=4.970592 wall_ms=4.972849 event_TFLOPS=1769.627 wall_TFLOPS=1768.824 checksum=00000000
run variant=dual_wide_clean input=random pass=3
device=0 name="NVIDIA B200" cc=10.0 cta=256x256 stage_k=64 stages=3 b_parts=2 mma=m128n256k16 split=m_split k_loop=u1 persistent_ctas=148 scheduler=dynamic_16x16_mfast phase=0/0 c_store=tma_fp32_sw128 l2_promotion=none dynamic_smem=197632
size=16384 mtile=64 ntile=64 ktiles=256 ctas=4096 launch_ctas=148 input_init=random event_ms=4.968070 wall_ms=4.970259 event_TFLOPS=1770.525 wall_TFLOPS=1769.745 checksum=00000000
run variant=producer_u1 input=random pass=3
device=0 name="NVIDIA B200" cc=10.0 cta=256x256 stage_k=64 stages=3 b_parts=2 mma=m128n256k16 split=m_split k_loop=u1 persistent_ctas=148 scheduler=dynamic_16x16_mfast phase=0/0 c_store=tma_fp32_sw128 l2_promotion=none dynamic_smem=197632
size=16384 mtile=64 ntile=64 ktiles=256 ctas=4096 launch_ctas=148 input_init=random event_ms=4.996442 wall_ms=4.998714 event_TFLOPS=1760.471 wall_TFLOPS=1759.671 checksum=00000000
run variant=producer_u1 input=random-signed8 pass=1
device=0 name="NVIDIA B200" cc=10.0 cta=256x256 stage_k=64 stages=3 b_parts=2 mma=m128n256k16 split=m_split k_loop=u1 persistent_ctas=148 scheduler=dynamic_16x16_mfast phase=0/0 c_store=tma_fp32_sw128 l2_promotion=none dynamic_smem=197632
size=16384 mtile=64 ntile=64 ktiles=256 ctas=4096 launch_ctas=148 input_init=random-signed8 event_ms=5.770183 wall_ms=5.772382 event_TFLOPS=1524.405 wall_TFLOPS=1523.824 checksum=00000000
run variant=dual_wide_clean input=random-signed8 pass=1
device=0 name="NVIDIA B200" cc=10.0 cta=256x256 stage_k=64 stages=3 b_parts=2 mma=m128n256k16 split=m_split k_loop=u1 persistent_ctas=148 scheduler=dynamic_16x16_mfast phase=0/0 c_store=tma_fp32_sw128 l2_promotion=none dynamic_smem=197632
size=16384 mtile=64 ntile=64 ktiles=256 ctas=4096 launch_ctas=148 input_init=random-signed8 event_ms=5.754042 wall_ms=5.756148 event_TFLOPS=1528.681 wall_TFLOPS=1528.121 checksum=00000000
run variant=dual_wide_clean input=random-signed8 pass=2
device=0 name="NVIDIA B200" cc=10.0 cta=256x256 stage_k=64 stages=3 b_parts=2 mma=m128n256k16 split=m_split k_loop=u1 persistent_ctas=148 scheduler=dynamic_16x16_mfast phase=0/0 c_store=tma_fp32_sw128 l2_promotion=none dynamic_smem=197632
size=16384 mtile=64 ntile=64 ktiles=256 ctas=4096 launch_ctas=148 input_init=random-signed8 event_ms=5.766253 wall_ms=5.768530 event_TFLOPS=1525.444 wall_TFLOPS=1524.841 checksum=00000000
run variant=producer_u1 input=random-signed8 pass=2
device=0 name="NVIDIA B200" cc=10.0 cta=256x256 stage_k=64 stages=3 b_parts=2 mma=m128n256k16 split=m_split k_loop=u1 persistent_ctas=148 scheduler=dynamic_16x16_mfast phase=0/0 c_store=tma_fp32_sw128 l2_promotion=none dynamic_smem=197632
size=16384 mtile=64 ntile=64 ktiles=256 ctas=4096 launch_ctas=148 input_init=random-signed8 event_ms=5.756736 wall_ms=5.758964 event_TFLOPS=1527.965 wall_TFLOPS=1527.374 checksum=00000000
run variant=producer_u1 input=random-signed8 pass=3
device=0 name="NVIDIA B200" cc=10.0 cta=256x256 stage_k=64 stages=3 b_parts=2 mma=m128n256k16 split=m_split k_loop=u1 persistent_ctas=148 scheduler=dynamic_16x16_mfast phase=0/0 c_store=tma_fp32_sw128 l2_promotion=none dynamic_smem=197632
size=16384 mtile=64 ntile=64 ktiles=256 ctas=4096 launch_ctas=148 input_init=random-signed8 event_ms=5.759034 wall_ms=5.761273 event_TFLOPS=1527.356 wall_TFLOPS=1526.762 checksum=00000000
run variant=dual_wide_clean input=random-signed8 pass=3
device=0 name="NVIDIA B200" cc=10.0 cta=256x256 stage_k=64 stages=3 b_parts=2 mma=m128n256k16 split=m_split k_loop=u1 persistent_ctas=148 scheduler=dynamic_16x16_mfast phase=0/0 c_store=tma_fp32_sw128 l2_promotion=none dynamic_smem=197632
size=16384 mtile=64 ntile=64 ktiles=256 ctas=4096 launch_ctas=148 input_init=random-signed8 event_ms=5.746112 wall_ms=5.748385 event_TFLOPS=1530.790 wall_TFLOPS=1530.185 checksum=00000000
