gpu label=before_clean_random_p1 32, 141.69, 1000.00, 120, 3996
run variant=clean input=random pass=1
device=0 name="NVIDIA B200" cc=10.0 cta=256x256 stage_k=64 stages=3 pipes=2 persistent_ctas=148 scheduler=dynamic_16x16_mfast phase=0/0 c_store=tma_fp32_sw128 l2_promotion=none dynamic_smem=197632
size=16384 mtile=64 ntile=64 ktiles=256 ctas=4096 launch_ctas=148 input_init=random event_ms=5.056934 wall_ms=5.059122 event_TFLOPS=1739.412 wall_TFLOPS=1738.660 checksum=00000000
gpu label=before_p0_random_p1 34, 206.23, 1000.00, 1965, 3996
run variant=p0 input=random pass=1
device=0 name="NVIDIA B200" cc=10.0 dynamic_smem=197632 bytes
mode=bf16_tcgen05_compute_sink layout=row_major_sw128 cta_tile=256x256 stage_k=64 stages=3 pipes=2 pipe1_phase_shift_cycles=512 pipe1_phase_shift_cycles_8k=96 pipe1_tma_phase_shift_cycles=512 pipe1_mma_phase_shift_cycles=512 grid_swizzle=1 grid_swizzle_m=12 grid_swizzle_n=1 grid_swizzle_min_tiles=32 tuned4k=16x1:96/96 tuned8k=12x1:0/0 tuned16k=10x1:0/0 tuned32k=3x1:0/0 tuned_cstore_swizzle_128b=1/1/1/1 tma_l2_promotion_a=0 tma_l2_promotion_b=0 tma_l2_promotion_c=0 tuned4k_tma_l2=0/0/0 tuned8k_tma_l2=0/0/0 tuned32k_tma_l2=0/0/0 cstore_swizzle_128b=1 cstore_vectorize_smem=1 single_pipeline=0 single_pipeline_ntile_128=0 single_pipeline_wide_mma=0 single_pipeline_split_tma=1 single_pipeline_interleave_pipes=1 input_init=random formula_scale=0.0078125 persistent_ctas=148 persistent_kernel=1 persistent_macro=16x16 persistent_8k_macro=16x16 persistent_32k_macro=8x18 persistent_order_local_m_fast=1 macro_n_fast=1 persistent_static_scheduler=0 fused_cstore_staging=0 elide_dense_sink=0 store_mode=tma c_type=fp32
size=16384 mtile=64 ntile=64 ktiles=256 ctas=4096 launch_ctas=148 grid_swizzle=1 group=10x1 pipe1_phase=128 pipe1_tma_phase=0 pipe1_mma_phase=0 cstore_swizzle_128b=1 single_pipeline=0 single_pipeline_ntile_128=0 single_pipeline_wide_mma=0 single_pipeline_split_tma=1 single_pipeline_interleave_pipes=1 tma_l2=0/0/0 input_init=random store_mode=tma event_ms=5.058387 wall_ms=5.060393 event_TFLOPS=1738.912 wall_TFLOPS=1738.223 checksum=00000000
gpu label=before_p0_random_p2 34, 225.68, 1000.00, 1965, 3996
run variant=p0 input=random pass=2
device=0 name="NVIDIA B200" cc=10.0 dynamic_smem=197632 bytes
mode=bf16_tcgen05_compute_sink layout=row_major_sw128 cta_tile=256x256 stage_k=64 stages=3 pipes=2 pipe1_phase_shift_cycles=512 pipe1_phase_shift_cycles_8k=96 pipe1_tma_phase_shift_cycles=512 pipe1_mma_phase_shift_cycles=512 grid_swizzle=1 grid_swizzle_m=12 grid_swizzle_n=1 grid_swizzle_min_tiles=32 tuned4k=16x1:96/96 tuned8k=12x1:0/0 tuned16k=10x1:0/0 tuned32k=3x1:0/0 tuned_cstore_swizzle_128b=1/1/1/1 tma_l2_promotion_a=0 tma_l2_promotion_b=0 tma_l2_promotion_c=0 tuned4k_tma_l2=0/0/0 tuned8k_tma_l2=0/0/0 tuned32k_tma_l2=0/0/0 cstore_swizzle_128b=1 cstore_vectorize_smem=1 single_pipeline=0 single_pipeline_ntile_128=0 single_pipeline_wide_mma=0 single_pipeline_split_tma=1 single_pipeline_interleave_pipes=1 input_init=random formula_scale=0.0078125 persistent_ctas=148 persistent_kernel=1 persistent_macro=16x16 persistent_8k_macro=16x16 persistent_32k_macro=8x18 persistent_order_local_m_fast=1 macro_n_fast=1 persistent_static_scheduler=0 fused_cstore_staging=0 elide_dense_sink=0 store_mode=tma c_type=fp32
size=16384 mtile=64 ntile=64 ktiles=256 ctas=4096 launch_ctas=148 grid_swizzle=1 group=10x1 pipe1_phase=128 pipe1_tma_phase=0 pipe1_mma_phase=0 cstore_swizzle_128b=1 single_pipeline=0 single_pipeline_ntile_128=0 single_pipeline_wide_mma=0 single_pipeline_split_tma=1 single_pipeline_interleave_pipes=1 tma_l2=0/0/0 input_init=random store_mode=tma event_ms=5.054502 wall_ms=5.056739 event_TFLOPS=1740.249 wall_TFLOPS=1739.479 checksum=00000000
gpu label=before_clean_random_p2 34, 227.25, 1000.00, 1965, 3996
run variant=clean input=random pass=2
device=0 name="NVIDIA B200" cc=10.0 cta=256x256 stage_k=64 stages=3 pipes=2 persistent_ctas=148 scheduler=dynamic_16x16_mfast phase=0/0 c_store=tma_fp32_sw128 l2_promotion=none dynamic_smem=197632
size=16384 mtile=64 ntile=64 ktiles=256 ctas=4096 launch_ctas=148 input_init=random event_ms=5.058893 wall_ms=5.061215 event_TFLOPS=1738.739 wall_TFLOPS=1737.941 checksum=00000000
gpu label=before_clean_random_p3 35, 226.19, 1000.00, 1965, 3996
run variant=clean input=random pass=3
device=0 name="NVIDIA B200" cc=10.0 cta=256x256 stage_k=64 stages=3 pipes=2 persistent_ctas=148 scheduler=dynamic_16x16_mfast phase=0/0 c_store=tma_fp32_sw128 l2_promotion=none dynamic_smem=197632
size=16384 mtile=64 ntile=64 ktiles=256 ctas=4096 launch_ctas=148 input_init=random event_ms=5.065574 wall_ms=5.067811 event_TFLOPS=1736.445 wall_TFLOPS=1735.679 checksum=00000000
gpu label=before_p0_random_p3 35, 228.46, 1000.00, 1965, 3996
run variant=p0 input=random pass=3
device=0 name="NVIDIA B200" cc=10.0 dynamic_smem=197632 bytes
mode=bf16_tcgen05_compute_sink layout=row_major_sw128 cta_tile=256x256 stage_k=64 stages=3 pipes=2 pipe1_phase_shift_cycles=512 pipe1_phase_shift_cycles_8k=96 pipe1_tma_phase_shift_cycles=512 pipe1_mma_phase_shift_cycles=512 grid_swizzle=1 grid_swizzle_m=12 grid_swizzle_n=1 grid_swizzle_min_tiles=32 tuned4k=16x1:96/96 tuned8k=12x1:0/0 tuned16k=10x1:0/0 tuned32k=3x1:0/0 tuned_cstore_swizzle_128b=1/1/1/1 tma_l2_promotion_a=0 tma_l2_promotion_b=0 tma_l2_promotion_c=0 tuned4k_tma_l2=0/0/0 tuned8k_tma_l2=0/0/0 tuned32k_tma_l2=0/0/0 cstore_swizzle_128b=1 cstore_vectorize_smem=1 single_pipeline=0 single_pipeline_ntile_128=0 single_pipeline_wide_mma=0 single_pipeline_split_tma=1 single_pipeline_interleave_pipes=1 input_init=random formula_scale=0.0078125 persistent_ctas=148 persistent_kernel=1 persistent_macro=16x16 persistent_8k_macro=16x16 persistent_32k_macro=8x18 persistent_order_local_m_fast=1 macro_n_fast=1 persistent_static_scheduler=0 fused_cstore_staging=0 elide_dense_sink=0 store_mode=tma c_type=fp32
size=16384 mtile=64 ntile=64 ktiles=256 ctas=4096 launch_ctas=148 grid_swizzle=1 group=10x1 pipe1_phase=128 pipe1_tma_phase=0 pipe1_mma_phase=0 cstore_swizzle_128b=1 single_pipeline=0 single_pipeline_ntile_128=0 single_pipeline_wide_mma=0 single_pipeline_split_tma=1 single_pipeline_interleave_pipes=1 tma_l2=0/0/0 input_init=random store_mode=tma event_ms=5.060550 wall_ms=5.062850 event_TFLOPS=1738.169 wall_TFLOPS=1737.380 checksum=00000000
gpu label=before_p0_random-signed8_p1 35, 222.34, 1000.00, 1965, 3996
run variant=p0 input=random-signed8 pass=1
device=0 name="NVIDIA B200" cc=10.0 dynamic_smem=197632 bytes
mode=bf16_tcgen05_compute_sink layout=row_major_sw128 cta_tile=256x256 stage_k=64 stages=3 pipes=2 pipe1_phase_shift_cycles=512 pipe1_phase_shift_cycles_8k=96 pipe1_tma_phase_shift_cycles=512 pipe1_mma_phase_shift_cycles=512 grid_swizzle=1 grid_swizzle_m=12 grid_swizzle_n=1 grid_swizzle_min_tiles=32 tuned4k=16x1:96/96 tuned8k=12x1:0/0 tuned16k=10x1:0/0 tuned32k=3x1:0/0 tuned_cstore_swizzle_128b=1/1/1/1 tma_l2_promotion_a=0 tma_l2_promotion_b=0 tma_l2_promotion_c=0 tuned4k_tma_l2=0/0/0 tuned8k_tma_l2=0/0/0 tuned32k_tma_l2=0/0/0 cstore_swizzle_128b=1 cstore_vectorize_smem=1 single_pipeline=0 single_pipeline_ntile_128=0 single_pipeline_wide_mma=0 single_pipeline_split_tma=1 single_pipeline_interleave_pipes=1 input_init=random-signed8 formula_scale=0.0078125 persistent_ctas=148 persistent_kernel=1 persistent_macro=16x16 persistent_8k_macro=16x16 persistent_32k_macro=8x18 persistent_order_local_m_fast=1 macro_n_fast=1 persistent_static_scheduler=0 fused_cstore_staging=0 elide_dense_sink=0 store_mode=tma c_type=fp32
size=16384 mtile=64 ntile=64 ktiles=256 ctas=4096 launch_ctas=148 grid_swizzle=1 group=10x1 pipe1_phase=128 pipe1_tma_phase=0 pipe1_mma_phase=0 cstore_swizzle_128b=1 single_pipeline=0 single_pipeline_ntile_128=0 single_pipeline_wide_mma=0 single_pipeline_split_tma=1 single_pipeline_interleave_pipes=1 tma_l2=0/0/0 input_init=random-signed8 store_mode=tma event_ms=5.799500 wall_ms=5.801834 event_TFLOPS=1516.698 wall_TFLOPS=1516.088 checksum=00000000
gpu label=before_clean_random-signed8_p1 35, 233.94, 1000.00, 1965, 3996
run variant=clean input=random-signed8 pass=1
device=0 name="NVIDIA B200" cc=10.0 cta=256x256 stage_k=64 stages=3 pipes=2 persistent_ctas=148 scheduler=dynamic_16x16_mfast phase=0/0 c_store=tma_fp32_sw128 l2_promotion=none dynamic_smem=197632
size=16384 mtile=64 ntile=64 ktiles=256 ctas=4096 launch_ctas=148 input_init=random-signed8 event_ms=5.827168 wall_ms=5.829773 event_TFLOPS=1509.497 wall_TFLOPS=1508.823 checksum=00000000
gpu label=before_clean_random-signed8_p2 35, 235.49, 1000.00, 1965, 3996
run variant=clean input=random-signed8 pass=2
device=0 name="NVIDIA B200" cc=10.0 cta=256x256 stage_k=64 stages=3 pipes=2 persistent_ctas=148 scheduler=dynamic_16x16_mfast phase=0/0 c_store=tma_fp32_sw128 l2_promotion=none dynamic_smem=197632
size=16384 mtile=64 ntile=64 ktiles=256 ctas=4096 launch_ctas=148 input_init=random-signed8 event_ms=5.831962 wall_ms=5.834201 event_TFLOPS=1508.256 wall_TFLOPS=1507.677 checksum=00000000
gpu label=before_p0_random-signed8_p2 35, 233.35, 1000.00, 1965, 3996
run variant=p0 input=random-signed8 pass=2
device=0 name="NVIDIA B200" cc=10.0 dynamic_smem=197632 bytes
mode=bf16_tcgen05_compute_sink layout=row_major_sw128 cta_tile=256x256 stage_k=64 stages=3 pipes=2 pipe1_phase_shift_cycles=512 pipe1_phase_shift_cycles_8k=96 pipe1_tma_phase_shift_cycles=512 pipe1_mma_phase_shift_cycles=512 grid_swizzle=1 grid_swizzle_m=12 grid_swizzle_n=1 grid_swizzle_min_tiles=32 tuned4k=16x1:96/96 tuned8k=12x1:0/0 tuned16k=10x1:0/0 tuned32k=3x1:0/0 tuned_cstore_swizzle_128b=1/1/1/1 tma_l2_promotion_a=0 tma_l2_promotion_b=0 tma_l2_promotion_c=0 tuned4k_tma_l2=0/0/0 tuned8k_tma_l2=0/0/0 tuned32k_tma_l2=0/0/0 cstore_swizzle_128b=1 cstore_vectorize_smem=1 single_pipeline=0 single_pipeline_ntile_128=0 single_pipeline_wide_mma=0 single_pipeline_split_tma=1 single_pipeline_interleave_pipes=1 input_init=random-signed8 formula_scale=0.0078125 persistent_ctas=148 persistent_kernel=1 persistent_macro=16x16 persistent_8k_macro=16x16 persistent_32k_macro=8x18 persistent_order_local_m_fast=1 macro_n_fast=1 persistent_static_scheduler=0 fused_cstore_staging=0 elide_dense_sink=0 store_mode=tma c_type=fp32
size=16384 mtile=64 ntile=64 ktiles=256 ctas=4096 launch_ctas=148 grid_swizzle=1 group=10x1 pipe1_phase=128 pipe1_tma_phase=0 pipe1_mma_phase=0 cstore_swizzle_128b=1 single_pipeline=0 single_pipeline_ntile_128=0 single_pipeline_wide_mma=0 single_pipeline_split_tma=1 single_pipeline_interleave_pipes=1 tma_l2=0/0/0 input_init=random-signed8 store_mode=tma event_ms=5.826324 wall_ms=5.828768 event_TFLOPS=1509.716 wall_TFLOPS=1509.083 checksum=00000000
gpu label=before_p0_random-signed8_p3 35, 234.62, 1000.00, 1965, 3996
run variant=p0 input=random-signed8 pass=3
device=0 name="NVIDIA B200" cc=10.0 dynamic_smem=197632 bytes
mode=bf16_tcgen05_compute_sink layout=row_major_sw128 cta_tile=256x256 stage_k=64 stages=3 pipes=2 pipe1_phase_shift_cycles=512 pipe1_phase_shift_cycles_8k=96 pipe1_tma_phase_shift_cycles=512 pipe1_mma_phase_shift_cycles=512 grid_swizzle=1 grid_swizzle_m=12 grid_swizzle_n=1 grid_swizzle_min_tiles=32 tuned4k=16x1:96/96 tuned8k=12x1:0/0 tuned16k=10x1:0/0 tuned32k=3x1:0/0 tuned_cstore_swizzle_128b=1/1/1/1 tma_l2_promotion_a=0 tma_l2_promotion_b=0 tma_l2_promotion_c=0 tuned4k_tma_l2=0/0/0 tuned8k_tma_l2=0/0/0 tuned32k_tma_l2=0/0/0 cstore_swizzle_128b=1 cstore_vectorize_smem=1 single_pipeline=0 single_pipeline_ntile_128=0 single_pipeline_wide_mma=0 single_pipeline_split_tma=1 single_pipeline_interleave_pipes=1 input_init=random-signed8 formula_scale=0.0078125 persistent_ctas=148 persistent_kernel=1 persistent_macro=16x16 persistent_8k_macro=16x16 persistent_32k_macro=8x18 persistent_order_local_m_fast=1 macro_n_fast=1 persistent_static_scheduler=0 fused_cstore_staging=0 elide_dense_sink=0 store_mode=tma c_type=fp32
size=16384 mtile=64 ntile=64 ktiles=256 ctas=4096 launch_ctas=148 grid_swizzle=1 group=10x1 pipe1_phase=128 pipe1_tma_phase=0 pipe1_mma_phase=0 cstore_swizzle_128b=1 single_pipeline=0 single_pipeline_ntile_128=0 single_pipeline_wide_mma=0 single_pipeline_split_tma=1 single_pipeline_interleave_pipes=1 tma_l2=0/0/0 input_init=random-signed8 store_mode=tma event_ms=5.822349 wall_ms=5.824707 event_TFLOPS=1510.746 wall_TFLOPS=1510.135 checksum=00000000
gpu label=before_clean_random-signed8_p3 35, 230.32, 1000.00, 1965, 3996
run variant=clean input=random-signed8 pass=3
device=0 name="NVIDIA B200" cc=10.0 cta=256x256 stage_k=64 stages=3 pipes=2 persistent_ctas=148 scheduler=dynamic_16x16_mfast phase=0/0 c_store=tma_fp32_sw128 l2_promotion=none dynamic_smem=197632
size=16384 mtile=64 ntile=64 ktiles=256 ctas=4096 launch_ctas=148 input_init=random-signed8 event_ms=5.828371 wall_ms=5.830778 event_TFLOPS=1509.185 wall_TFLOPS=1508.562 checksum=00000000
gpu label=after_all 35, 229.46, 1000.00, 1965, 3996
